Component: ARM Compiler 5.06 update 7 (build 960) Tool: armlink [4d3601]

==============================================================================

Section Cross References

    system_msp432p401r.o(i.SystemCoreClockUpdate) refers to system_msp432p401r.o(.data) for .data
    startup_msp432p401r_uvision.o(STACK) refers (Special) to heapauxi.o(.text) for __use_two_region_memory
    startup_msp432p401r_uvision.o(HEAP) refers (Special) to heapauxi.o(.text) for __use_two_region_memory
    startup_msp432p401r_uvision.o(RESET) refers (Special) to heapauxi.o(.text) for __use_two_region_memory
    startup_msp432p401r_uvision.o(RESET) refers to startup_msp432p401r_uvision.o(STACK) for __initial_sp
    startup_msp432p401r_uvision.o(RESET) refers to startup_msp432p401r_uvision.o(.text) for Reset_Handler
    startup_msp432p401r_uvision.o(RESET) refers to main.o(i.TA0_0_IRQHandler) for TA0_0_IRQHandler
    startup_msp432p401r_uvision.o(RESET) refers to tima.o(i.TA2_N_IRQHandler) for TA2_N_IRQHandler
    startup_msp432p401r_uvision.o(RESET) refers to adc.o(i.ADC14_IRQHandler) for ADC14_IRQHandler
    startup_msp432p401r_uvision.o(RESET) refers to tim32.o(i.T32_INT1_IRQHandler) for T32_INT1_IRQHandler
    startup_msp432p401r_uvision.o(RESET) refers to tim32.o(i.T32_INT2_IRQHandler) for T32_INT2_IRQHandler
    startup_msp432p401r_uvision.o(RESET) refers to key.o(i.PORT1_IRQHandler) for PORT1_IRQHandler
    startup_msp432p401r_uvision.o(.text) refers (Special) to heapauxi.o(.text) for __use_two_region_memory
    startup_msp432p401r_uvision.o(.text) refers to system_msp432p401r.o(i.SystemInit) for SystemInit
    startup_msp432p401r_uvision.o(.text) refers to __main.o(!!!main) for __main
    startup_msp432p401r_uvision.o(.text) refers to startup_msp432p401r_uvision.o(HEAP) for Heap_Mem
    startup_msp432p401r_uvision.o(.text) refers to startup_msp432p401r_uvision.o(STACK) for Stack_Mem
    main.o(i.TA0_0_IRQHandler) refers to timer_a.o(i.Timer_A_clearCaptureCompareInterrupt) for Timer_A_clearCaptureCompareInterrupt
    main.o(i.TA0_0_IRQHandler) refers to led.o(i.LED_RED_Tog) for LED_RED_Tog
    main.o(i.TA0_0_IRQHandler) refers to oled.o(i.OLED_ShowString) for OLED_ShowString
    main.o(i.TA0_0_IRQHandler) refers to oled.o(i.OLED_ShowNum) for OLED_ShowNum
    main.o(i.TA0_0_IRQHandler) refers to dflt_clz.o(x$fpl$dfltu) for __aeabi_ui2d
    main.o(i.TA0_0_IRQHandler) refers to dmul.o(x$fpl$dmul) for __aeabi_dmul
    main.o(i.TA0_0_IRQHandler) refers to ddiv.o(x$fpl$ddiv) for __aeabi_ddiv
    main.o(i.TA0_0_IRQHandler) refers to dfixu.o(x$fpl$dfixu) for __aeabi_d2uiz
    main.o(i.TA0_0_IRQHandler) refers to timer_a.o(i.Timer_A_setCompareValue) for Timer_A_setCompareValue
    main.o(i.TA0_0_IRQHandler) refers to main.o(.data) for .data
    main.o(i.TA0_0_IRQHandler) refers to adc.o(.data) for resultsBuffer
    main.o(i.TA0_0_IRQHandler) refers to spwm.o(.constdata) for semi_sine_tabel
    main.o(i.main) refers to sysinit.o(i.SysInit) for SysInit
    main.o(i.main) refers to usart.o(i.uart_init) for uart_init
    main.o(i.main) refers to delay.o(i.delay_init) for delay_init
    main.o(i.main) refers to key.o(i.KEY_Init) for KEY_Init
    main.o(i.main) refers to led.o(i.LED_Init) for LED_Init
    main.o(i.main) refers to key4x4.o(i.KEY4x4_Init) for KEY4x4_Init
    main.o(i.main) refers to oled.o(i.OLED_Init) for OLED_Init
    main.o(i.main) refers to adc.o(i.ADC_Config) for ADC_Config
    main.o(i.main) refers to tima.o(i.TimA0_Int_Init) for TimA0_Int_Init
    main.o(i.main) refers to tima.o(i.TimA1_PWM_Init) for TimA1_PWM_Init
    main.o(i.main) refers to key4x4.o(i.KEY4x4_Scan) for KEY4x4_Scan
    main.o(i.main) refers to delay.o(i.delay_ms) for delay_ms
    main.o(i.main) refers to main.o(.data) for .data
    main.o(i.usercode_init) refers to pid.o(i.PID_init) for PID_init
    main.o(.data) refers to main.o(.conststring) for .conststring
    adc.o(i.ADC14_IRQHandler) refers to adc14.o(i.ADC14_getMultiSequenceResult) for ADC14_getMultiSequenceResult
    adc.o(i.ADC14_IRQHandler) refers to adc.o(.data) for .data
    adc.o(i.ADC_Config) refers to adc14.o(i.ADC14_configureMultiSequenceMode) for ADC14_configureMultiSequenceMode
    adc.o(i.ADC_Config) refers to adc14.o(i.ADC14_configureConversionMemory) for ADC14_configureConversionMemory
    key.o(i.KEY_Scan) refers to key.o(i.key_delay) for key_delay
    key.o(i.KEY_Scan) refers to key.o(.data) for .data
    key.o(i.PORT1_IRQHandler) refers to key.o(i.key_delay) for key_delay
    key4x4.o(i.KEY4x4_Scan) refers to key4x4.o(.data) for .data
    led.o(i.LED_W_Tog) refers to led.o(i.LED_R_Tog) for LED_R_Tog
    led.o(i.LED_W_Tog) refers to led.o(i.LED_G_Tog) for LED_G_Tog
    led.o(i.LED_W_Tog) refers to led.o(i.LED_B_Tog) for LED_B_Tog
    oled.o(i.I2C_Configuration) refers to rt_memcpy_w.o(.text) for __aeabi_memcpy4
    oled.o(i.I2C_Configuration) refers to oled.o(.constdata) for .constdata
    oled.o(i.OLED_Clear) refers to oled.o(i.OLED_WR_Byte) for OLED_WR_Byte
[...]
    rtexit2.o(.ARM.exidx) refers to rtexit2.o(.ARM.Collect$$rtexit$$00000004) for .ARM.Collect$$rtexit$$00000004
    argv_veneer.o(.emb_text) refers to no_argv.o(.text) for __ARM_get_argv
    _get_argv_nomalloc.o(.text) refers (Special) to hrguard.o(.text) for __heap_region$guard
    _get_argv_nomalloc.o(.text) refers to defsig_rtmem_outer.o(.text) for __rt_SIGRTMEM
    _get_argv_nomalloc.o(.text) refers to sys_command.o(.text) for _sys_command_string
    libshutdown.o(.ARM.Collect$$libshutdown$$00000000) refers (Special) to libshutdown2.o(.ARM.Collect$$libshutdown$$00000004) for __rt_lib_shutdown_cpp_1
    libshutdown.o(.ARM.Collect$$libshutdown$$00000000) refers (Special) to libshutdown2.o(.ARM.Collect$$libshutdown$$00000002) for __rt_lib_shutdown_fini_1
    libshutdown.o(.ARM.Collect$$libshutdown$$00000000) refers (Special) to libshutdown2.o(.ARM.Collect$$libshutdown$$00000009) for __rt_lib_shutdown_fp_trap_1
    libshutdown.o(.ARM.Collect$$libshutdown$$00000000) refers (Special) to libshutdown2.o(.ARM.Collect$$libshutdown$$00000011) for __rt_lib_shutdown_heap_1
    libshutdown.o(.ARM.Collect$$libshutdown$$00000000) refers (Special) to libshutdown2.o(.ARM.Collect$$libshutdown$$00000012) for __rt_lib_shutdown_return
    libshutdown.o(.ARM.Collect$$libshutdown$$00000000) refers (Special) to libshutdown2.o(.ARM.Collect$$libshutdown$$0000000C) for __rt_lib_shutdown_signal_1
    libshutdown.o(.ARM.Collect$$libshutdown$$00000000) refers (Special) to libshutdown2.o(.ARM.Collect$$libshutdown$$00000006) for __rt_lib_shutdown_stdio_1
    libshutdown.o(.ARM.Collect$$libshutdown$$00000000) refers (Special) to libshutdown2.o(.ARM.Collect$$libshutdown$$0000000E) for __rt_lib_shutdown_user_alloc_1
    sys_command.o(.text) refers (Special) to use_no_semi.o(.text) for __I$use$semihosting
    sys_command.o(.text) refers (Special) to indicate_semi.o(.text) for __semihosting_library_function
    defsig_rtmem_outer.o(.text) refers to defsig_rtmem_inner.o(.text) for __rt_SIGRTMEM_inner
    defsig_rtmem_outer.o(.text) refers to defsig_exit.o(.text) for __sig_exit
    defsig_rtmem_formal.o(.text) refers to rt_raise.o(.text) for __rt_raise
    rt_raise.o(.text) refers to __raise.o(.text) for __raise
    rt_raise.o(.text) refers to usart.o(i._sys_exit) for _sys_exit
    defsig_exit.o(.text) refers to usart.o(i._sys_exit) for _sys_exit
    defsig_rtmem_inner.o(.text) refers to defsig_general.o(.text) for __default_signal_display
    __raise.o(.text) refers to defsig.o(CL$$defsig) for __default_signal_handler
    defsig_general.o(.text) refers to sys_wrch.o(.text) for _ttywrch
    sys_wrch.o(.text) refers (Special) to use_no_semi.o(.text) for __I$use$semihosting
    sys_wrch.o(.text) refers (Special) to indicate_semi.o(.text) for __semihosting_library_function
    defsig.o(CL$$defsig) refers to defsig_rtmem_inner.o(.text) for __rt_SIGRTMEM_inner
    defsig_abrt_inner.o(.text) refers to defsig_general.o(.text) for __default_signal_display
    defsig_fpe_inner.o(.text) refers to defsig_general.o(.text) for __default_signal_display
    defsig_rtred_inner.o(.text) refers to defsig_general.o(.text) for __default_signal_display
    defsig_stak_inner.o(.text) refers to defsig_general.o(.text) for __default_signal_display
    defsig_pvfn_inner.o(.text) refers to defsig_general.o(.text) for __default_signal_display
    defsig_cppl_inner.o(.text) refers to defsig_general.o(.text) for __default_signal_display
    defsig_segv_inner.o(.text) refers to defsig_general.o(.text) for __default_signal_display
    defsig_other.o(.text) refers to defsig_general.o(.text) for __default_signal_display


==============================================================================

Removing Unused input sections from the image.

    Removing system_msp432p401r.o(.rev16_text), (4 bytes).
    Removing system_msp432p401r.o(.revsh_text), (4 bytes).
    Removing system_msp432p401r.o(.rrx_text), (6 bytes).
    Removing system_msp432p401r.o(i.SystemCoreClockUpdate), (452 bytes).
    Removing system_msp432p401r.o(.data), (4 bytes).
    Removing main.o(.rev16_text), (4 bytes).
    Removing main.o(.revsh_text), (4 bytes).
    Removing main.o(.rrx_text), (6 bytes).
    Removing main.o(i.usercode_init), (4 bytes).
    Removing adc.o(.rev16_text), (4 bytes).
    Removing adc.o(.revsh_text), (4 bytes).
    Removing adc.o(.rrx_text), (6 bytes).
    Removing key.o(.rev16_text), (4 bytes).
    Removing key.o(.revsh_text), (4 bytes).
    Removing key.o(.rrx_text), (6 bytes).
    Removing key.o(i.KEY_Scan), (84 bytes).
    Removing key.o(.data), (1 bytes).
    Removing key4x4.o(.rev16_text), (4 bytes).
    Removing key4x4.o(.revsh_text), (4 bytes).
    Removing key4x4.o(.rrx_text), (6 bytes).
    Removing led.o(.rev16_text), (4 bytes).
    Removing led.o(.revsh_text), (4 bytes).
    Removing led.o(.rrx_text), (6 bytes).
    Removing led.o(i.LED_B_Off), (16 bytes).
    Removing led.o(i.LED_B_On), (16 bytes).
    Removing led.o(i.LED_B_Tog), (20 bytes).
    Removing led.o(i.LED_C_On), (20 bytes).
    Removing led.o(i.LED_G_Off), (16 bytes).
    Removing led.o(i.LED_G_On), (16 bytes).
    Removing led.o(i.LED_G_Tog), (20 bytes).
    Removing led.o(i.LED_P_On), (20 bytes).
    Removing led.o(i.LED_RED_Off), (16 bytes).
    Removing led.o(i.LED_RED_On), (16 bytes).
    Removing led.o(i.LED_R_Off), (16 bytes).
    Removing led.o(i.LED_R_On), (16 bytes).
    Removing led.o(i.LED_R_Tog), (20 bytes).
    Removing led.o(i.LED_W_Off), (20 bytes).
    Removing led.o(i.LED_W_On), (20 bytes).
    Removing led.o(i.LED_W_Tog), (18 bytes).
    Removing led.o(i.LED_Y_On), (20 bytes).
    Removing oled.o(.rev16_text), (4 bytes).
    Removing oled.o(.revsh_text), (4 bytes).
    Removing oled.o(.rrx_text), (6 bytes).
    Removing oled.o(i.OLED_ColorTurn), (22 bytes).
    Removing oled.o(i.OLED_DisplayTurn), (44 bytes).
    Removing oled.o(i.OLED_Display_Off), (30 bytes).
    Removing oled.o(i.OLED_Display_On), (30 bytes).
    Removing oled.o(i.OLED_DrawBMP), (80 bytes).
    Removing oled.o(i.OLED_ShowChinese), (84 bytes).
    Removing oled.o(i.OLED_ShowFloat), (124 bytes).
    Removing tim32.o(.rev16_text), (4 bytes).
    Removing tim32.o(.revsh_text), (4 bytes).
    Removing tim32.o(.rrx_text), (6 bytes).
    Removing tim32.o(i.Tim32_0_Int_Init), (76 bytes).
    Removing tim32.o(i.Tim32_1_Int_Init), (76 bytes).
    Removing tima.o(.rev16_text), (4 bytes).
    Removing tima.o(.revsh_text), (4 bytes).
    Removing tima.o(.rrx_text), (6 bytes).
    Removing tima.o(i.TA0_0_IRQHandler), (36 bytes).
    Removing tima.o(i.TimA2_Cap_Init), (124 bytes).
    Removing tima.o(.constdata), (40 bytes).
    Removing usart.o(.rev16_text), (4 bytes).
    Removing usart.o(.revsh_text), (4 bytes).
    Removing usart.o(.rrx_text), (6 bytes).
    Removing usart.o(i.fputc), (20 bytes).
    Removing usart.o(.data), (4 bytes).
    Removing sysinit.o(.rev16_text), (4 bytes).
    Removing sysinit.o(.revsh_text), (4 bytes).
    Removing sysinit.o(.rrx_text), (6 bytes).
    Removing delay.o(.rev16_text), (4 bytes).
    Removing delay.o(.revsh_text), (4 bytes).
    Removing delay.o(.rrx_text), (6 bytes).
    Removing baudrate_calculate.o(.rev16_text), (4 bytes).
    Removing baudrate_calculate.o(.revsh_text), (4 bytes).
    Removing baudrate_calculate.o(.rrx_text), (6 bytes).
    Removing pid.o(i.PID_Caculate), (106 bytes).
    Removing pid.o(i.PID_init), (44 bytes).
    Removing pid.o(.bss), (108 bytes).
    Removing spwm.o(.constdata), (400 bytes).
    Removing adc14.o(.rev16_text), (4 bytes).
    Removing adc14.o(.revsh_text), (4 bytes).
    Removing adc14.o(.rrx_text), (6 bytes).
    Removing adc14.o(i.ADC14_clearInterruptFlag), (28 bytes).
    Removing adc14.o(i.ADC14_configureSingleSampleMode), (60 bytes).
    Removing adc14.o(i.ADC14_disableComparatorWindow), (64 bytes).
    Removing adc14.o(i.ADC14_disableConversion), (16 bytes).
    Removing adc14.o(i.ADC14_disableInterrupt), (28 bytes).
    Removing adc14.o(i.ADC14_disableModule), (28 bytes).
    Removing adc14.o(i.ADC14_disableReferenceBurst), (28 bytes).
    Removing adc14.o(i.ADC14_disableSampleTimer), (28 bytes).
    Removing adc14.o(i.ADC14_enableComparatorWindow), (96 bytes).
    Removing adc14.o(i.ADC14_enableConversion), (40 bytes).
    Removing adc14.o(i.ADC14_enableInterrupt), (28 bytes).
    Removing adc14.o(i.ADC14_enableModule), (12 bytes).
    Removing adc14.o(i.ADC14_enableReferenceBurst), (28 bytes).
    Removing adc14.o(i.ADC14_enableSampleTimer), (40 bytes).
    Removing adc14.o(i.ADC14_getEnabledInterruptStatus), (28 bytes).
    Removing adc14.o(i.ADC14_getInterruptStatus), (16 bytes).
    Removing adc14.o(i.ADC14_getResolution), (16 bytes).
    Removing adc14.o(i.ADC14_getResult), (32 bytes).
    Removing adc14.o(i.ADC14_getResultArray), (92 bytes).
    Removing adc14.o(i.ADC14_initModule), (64 bytes).
    Removing adc14.o(i.ADC14_isBusy), (20 bytes).
    Removing adc14.o(i.ADC14_registerInterrupt), (20 bytes).
    Removing adc14.o(i.ADC14_setComparatorWindowValue), (76 bytes).
    Removing adc14.o(i.ADC14_setPowerMode), (48 bytes).
    Removing adc14.o(i.ADC14_setResolution), (20 bytes).
    Removing adc14.o(i.ADC14_setResultFormat), (44 bytes).
    Removing adc14.o(i.ADC14_setSampleHoldTime), (40 bytes).
    Removing adc14.o(i.ADC14_setSampleHoldTrigger), (44 bytes).
    Removing adc14.o(i.ADC14_toggleConversionTrigger), (32 bytes).
    Removing adc14.o(i.ADC14_unregisterInterrupt), (18 bytes).
    Removing cs.o(.rev16_text), (4 bytes).
    Removing cs.o(.revsh_text), (4 bytes).
    Removing cs.o(.rrx_text), (6 bytes).
    Removing cs.o(i.CS_disableClockRequest), (36 bytes).
    Removing cs.o(i.CS_disableDCOExternalResistor), (32 bytes).
    Removing cs.o(i.CS_disableFaultCounter), (40 bytes).
    Removing cs.o(i.CS_disableInterrupt), (36 bytes).
    Removing cs.o(i.CS_enableClockRequest), (36 bytes).
    Removing cs.o(i.CS_enableDCOExternalResistor), (28 bytes).
    Removing cs.o(i.CS_enableFaultCounter), (40 bytes).
    Removing cs.o(i.CS_enableInterrupt), (36 bytes).
    Removing cs.o(i.CS_getBCLK), (28 bytes).
    Removing cs.o(i.CS_getEnabledInterruptStatus), (20 bytes).
    Removing cs.o(i.CS_getHSMCLK), (24 bytes).
    Removing cs.o(i.CS_getInterruptStatus), (12 bytes).
    Removing cs.o(i.CS_initClockSignal), (232 bytes).
    Removing cs.o(i.CS_registerInterrupt), (20 bytes).
    Removing cs.o(i.CS_resetFaultCounter), (40 bytes).
    Removing cs.o(i.CS_setDCOCenteredFrequency), (36 bytes).
    Removing cs.o(i.CS_setDCOExternalResistorCalibration), (100 bytes).
    Removing cs.o(i.CS_setDCOFrequency), (300 bytes).
    Removing cs.o(i.CS_setReferenceOscillatorFrequency), (32 bytes).
    Removing cs.o(i.CS_startFaultCounter), (52 bytes).
    Removing cs.o(i.CS_tuneDCOFrequency), (52 bytes).
    Removing cs.o(i.CS_unregisterInterrupt), (18 bytes).
    Removing i2c.o(.rev16_text), (4 bytes).
    Removing i2c.o(.revsh_text), (4 bytes).
    Removing i2c.o(.rrx_text), (6 bytes).
    Removing i2c.o(i.I2C_clearInterruptFlag), (8 bytes).
    Removing i2c.o(i.I2C_disableInterrupt), (8 bytes).
    Removing i2c.o(i.I2C_disableModule), (12 bytes).
    Removing i2c.o(i.I2C_disableMultiMasterMode), (18 bytes).
    Removing i2c.o(i.I2C_enableInterrupt), (8 bytes).
    Removing i2c.o(i.I2C_enableModule), (12 bytes).
    Removing i2c.o(i.I2C_enableMultiMasterMode), (16 bytes).
    Removing i2c.o(i.I2C_getEnabledInterruptStatus), (8 bytes).
    Removing i2c.o(i.I2C_getInterruptStatus), (6 bytes).
    Removing i2c.o(i.I2C_getMode), (8 bytes).
    Removing i2c.o(i.I2C_getReceiveBufferAddressForDMA), (4 bytes).
    Removing i2c.o(i.I2C_getTransmitBufferAddressForDMA), (4 bytes).
    Removing i2c.o(i.I2C_initMaster), (58 bytes).
    Removing i2c.o(i.I2C_initSlave), (32 bytes).
    Removing i2c.o(i.I2C_isBusBusy), (12 bytes).
    Removing i2c.o(i.I2C_masterIsStartSent), (16 bytes).
    Removing i2c.o(i.I2C_masterIsStopSent), (10 bytes).
    Removing i2c.o(i.I2C_masterReceiveMultiByteFinish), (32 bytes).
    Removing i2c.o(i.I2C_masterReceiveMultiByteFinishWithTimeout), (50 bytes).
    Removing i2c.o(i.I2C_masterReceiveMultiByteNext), (6 bytes).
    Removing i2c.o(i.I2C_masterReceiveMultiByteStop), (12 bytes).
    Removing i2c.o(i.I2C_masterReceiveSingle), (24 bytes).
    Removing i2c.o(i.I2C_masterReceiveSingleByte), (56 bytes).
    Removing i2c.o(i.I2C_masterReceiveStart), (14 bytes).
    Removing i2c.o(i.I2C_masterSendMultiByteFinishWithTimeout), (64 bytes).
    Removing i2c.o(i.I2C_masterSendMultiByteNext), (22 bytes).
    Removing i2c.o(i.I2C_masterSendMultiByteNextWithTimeout), (36 bytes).
    Removing i2c.o(i.I2C_masterSendMultiByteStartWithTimeout), (60 bytes).
    Removing i2c.o(i.I2C_masterSendMultiByteStop), (24 bytes).
    Removing i2c.o(i.I2C_masterSendMultiByteStopWithTimeout), (36 bytes).
    Removing i2c.o(i.I2C_masterSendSingleByte), (74 bytes).
    Removing i2c.o(i.I2C_masterSendSingleByteWithTimeout), (80 bytes).
    Removing i2c.o(i.I2C_masterSendStart), (12 bytes).
    Removing i2c.o(i.I2C_registerInterrupt), (80 bytes).
    Removing i2c.o(i.I2C_setMode), (12 bytes).
    Removing i2c.o(i.I2C_setSlaveAddress), (4 bytes).
    Removing i2c.o(i.I2C_setTimeout), (28 bytes).
    Removing i2c.o(i.I2C_slaveGetData), (6 bytes).
    Removing i2c.o(i.I2C_slavePutData), (4 bytes).
    Removing i2c.o(i.I2C_slaveSendNAK), (12 bytes).
    Removing i2c.o(i.I2C_unregisterInterrupt), (80 bytes).
    Removing timer_a.o(.rev16_text), (4 bytes).
    Removing timer_a.o(.revsh_text), (4 bytes).
    Removing timer_a.o(.rrx_text), (6 bytes).
    Removing timer_a.o(i.Timer_A_clearInterruptFlag), (12 bytes).
    Removing timer_a.o(i.Timer_A_clearTimer), (12 bytes).
    Removing timer_a.o(i.Timer_A_configureContinuousMode), (40 bytes).
    Removing timer_a.o(i.Timer_A_configureUpDownMode), (70 bytes).
    Removing timer_a.o(i.Timer_A_configureUpMode), (70 bytes).
    Removing timer_a.o(i.Timer_A_disableCaptureCompareInterrupt), (26 bytes).
    Removing timer_a.o(i.Timer_A_disableInterrupt), (12 bytes).
    Removing timer_a.o(i.Timer_A_enableCaptureCompareInterrupt), (26 bytes).
    Removing timer_a.o(i.Timer_A_enableInterrupt), (12 bytes).
    Removing timer_a.o(i.Timer_A_generatePWM), (76 bytes).
    Removing timer_a.o(i.Timer_A_getCaptureCompareEnabledInterruptStatus), (34 bytes).
    Removing timer_a.o(i.Timer_A_getCaptureCompareInterruptStatus), (18 bytes).
    Removing timer_a.o(i.Timer_A_getCounterValue), (28 bytes).
    Removing timer_a.o(i.Timer_A_getEnabledInterruptStatus), (18 bytes).
    Removing timer_a.o(i.Timer_A_getInterruptStatus), (8 bytes).
    Removing timer_a.o(i.Timer_A_getOutputForOutputModeOutBitValue), (30 bytes).
    Removing timer_a.o(i.Timer_A_getSynchronizedCaptureCompareInput), (22 bytes).
    Removing timer_a.o(i.Timer_A_initCapture), (52 bytes).
    Removing timer_a.o(i.Timer_A_initCompare), (38 bytes).
    Removing timer_a.o(i.Timer_A_registerInterrupt), (164 bytes).
    Removing timer_a.o(i.Timer_A_setOutputForOutputModeOutBitValue), (24 bytes).
    Removing timer_a.o(i.Timer_A_startCounter), (8 bytes).
    Removing timer_a.o(i.Timer_A_stopTimer), (10 bytes).
    Removing timer_a.o(i.Timer_A_unregisterInterrupt), (140 bytes).
    Removing timer_a.o(i.privateTimer_AProcessClockSourceDivider), (180 bytes).
    Removing uart.o(.rev16_text), (4 bytes).
    Removing uart.o(.revsh_text), (4 bytes).
    Removing uart.o(.rrx_text), (6 bytes).
    Removing uart.o(i.UART_clearInterruptFlag), (8 bytes).
    Removing uart.o(i.UART_disableInterrupt), (22 bytes).
    Removing uart.o(i.UART_disableModule), (12 bytes).
    Removing uart.o(i.UART_enableInterrupt), (22 bytes).
    Removing uart.o(i.UART_enableModule), (12 bytes).
    Removing uart.o(i.UART_getEnabledInterruptStatus), (38 bytes).
    Removing uart.o(i.UART_getInterruptStatus), (6 bytes).
    Removing uart.o(i.UART_getReceiveBufferAddressForDMA), (4 bytes).
    Removing uart.o(i.UART_getTransmitBufferAddressForDMA), (4 bytes).
    Removing uart.o(i.UART_queryStatusFlags), (6 bytes).
    Removing uart.o(i.UART_receiveData), (24 bytes).
    Removing uart.o(i.UART_registerInterrupt), (80 bytes).
    Removing uart.o(i.UART_resetDormant), (12 bytes).
    Removing uart.o(i.UART_selectDeglitchTime), (12 bytes).
    Removing uart.o(i.UART_setDormant), (12 bytes).
    Removing uart.o(i.UART_transmitAddress), (14 bytes).
    Removing uart.o(i.UART_transmitBreak), (44 bytes).
    Removing uart.o(i.UART_transmitData), (22 bytes).
    Removing uart.o(i.UART_unregisterInterrupt), (80 bytes).
    Removing interrupt.o(.rev16_text), (4 bytes).
    Removing interrupt.o(.revsh_text), (4 bytes).
    Removing interrupt.o(.rrx_text), (6 bytes).
    Removing interrupt.o(i.IntDefaultHandler), (2 bytes).
    Removing interrupt.o(i.Interrupt_disableInterrupt), (92 bytes).
    Removing interrupt.o(i.Interrupt_disableMaster), (14 bytes).
    Removing interrupt.o(i.Interrupt_disableSleepOnIsrExit), (16 bytes).
    Removing interrupt.o(i.Interrupt_enableInterrupt), (92 bytes).
    Removing interrupt.o(i.Interrupt_enableMaster), (14 bytes).
    Removing interrupt.o(i.Interrupt_enableSleepOnIsrExit), (16 bytes).
    Removing interrupt.o(i.Interrupt_getPriority), (24 bytes).
    Removing interrupt.o(i.Interrupt_getPriorityGrouping), (36 bytes).
    Removing interrupt.o(i.Interrupt_getPriorityMask), (10 bytes).
    Removing interrupt.o(i.Interrupt_getVectorTableAddress), (12 bytes).
    Removing interrupt.o(i.Interrupt_isEnabled), (100 bytes).
    Removing interrupt.o(i.Interrupt_pendInterrupt), (76 bytes).
    Removing interrupt.o(i.Interrupt_registerInterrupt), (48 bytes).
    Removing interrupt.o(i.Interrupt_setPriority), (36 bytes).
    Removing interrupt.o(i.Interrupt_setPriorityGrouping), (40 bytes).
    Removing interrupt.o(i.Interrupt_setPriorityMask), (4 bytes).
    Removing interrupt.o(i.Interrupt_setVectorTableAddress), (12 bytes).
    Removing interrupt.o(i.Interrupt_unpendInterrupt), (64 bytes).
    Removing interrupt.o(i.Interrupt_unregisterInterrupt), (20 bytes).
    Removing interrupt.o(.constdata), (144 bytes).
    Removing interrupt.o(vtable), (232 bytes).
    Removing sysctl_a.o(.rev16_text), (4 bytes).
    Removing sysctl_a.o(.revsh_text), (4 bytes).
    Removing sysctl_a.o(.rrx_text), (6 bytes).
    Removing sysctl_a.o(i.SysCtl_A_disableGlitchFilter), (16 bytes).
    Removing sysctl_a.o(i.SysCtl_A_disablePeripheralAtCPUHalt), (16 bytes).
    Removing sysctl_a.o(i.SysCtl_A_disableSRAM), (96 bytes).
    Removing sysctl_a.o(i.SysCtl_A_disableSRAMRetention), (272 bytes).
    Removing sysctl_a.o(i.SysCtl_A_enableGlitchFilter), (16 bytes).
    Removing sysctl_a.o(i.SysCtl_A_enablePeripheralAtCPUHalt), (16 bytes).
    Removing sysctl_a.o(i.SysCtl_A_enableSRAM), (96 bytes).
    Removing sysctl_a.o(i.SysCtl_A_enableSRAMRetention), (284 bytes).
    Removing sysctl_a.o(i.SysCtl_A_getFlashSize), (12 bytes).
    Removing sysctl_a.o(i.SysCtl_A_getInfoFlashSize), (12 bytes).
    Removing sysctl_a.o(i.SysCtl_A_getSRAMSize), (12 bytes).
    Removing sysctl_a.o(i.SysCtl_A_getTempCalibrationConstant), (12 bytes).
    Removing sysctl_a.o(i.SysCtl_A_rebootDevice), (16 bytes).
    Removing sysctl_a.o(i.SysCtl_A_setWDTPasswordViolationResetType), (28 bytes).
    Removing sysctl_a.o(i.SysCtl_A_setWDTTimeoutResetType), (28 bytes).
    Removing cpu.o(.rev16_text), (4 bytes).
    Removing cpu.o(.revsh_text), (4 bytes).
    Removing cpu.o(.rrx_text), (6 bytes).
    Removing cpu.o(.emb_text), (38 bytes).

278 unused section(s) (total 9683 bytes) removed from the image.

==============================================================================

Image Symbol Table

    Local Symbols

    Symbol Name                              Value     Ov Type        Size  Object(Section)

    RESET                                    0x00000000   Section      324  startup_msp432p401r_uvision.o(RESET)
    ../clib/angel/boardlib.s                 0x00000000   Number         0  boardshut.o ABSOLUTE
    ../clib/angel/boardlib.s                 0x00000000   Number         0  boardinit1.o ABSOLUTE
    ../clib/angel/boardlib.s                 0x00000000   Number         0  boardinit2.o ABSOLUTE
    ../clib/angel/boardlib.s                 0x00000000   Number         0  boardinit3.o ABSOLUTE
    ../clib/angel/handlers.s                 0x00000000   Number         0  __scatter_zi.o ABSOLUTE
    ../clib/angel/handlers.s                 0x00000000   Number         0  __scatter_copy.o ABSOLUTE
    ../clib/angel/kernel.s                   0x00000000   Number         0  rtexit.o ABSOLUTE
    ../clib/angel/kernel.s                   0x00000000   Number         0  __rtentry.o ABSOLUTE
    ../clib/angel/kernel.s                   0x00000000   Number         0  __rtentry2.o ABSOLUTE
    ../clib/angel/kernel.s                   0x00000000   Number         0  rtexit2.o ABSOLUTE
    ../clib/angel/kernel.s                   0x00000000   Number         0  __rtentry4.o ABSOLUTE
    ../clib/angel/rt.s                       0x00000000   Number         0  rt_raise.o ABSOLUTE
    ../clib/angel/scatter.s                  0x00000000   Number         0  __scatter.o ABSOLUTE
    ../clib/angel/startup.s                  0x00000000   Number         0  __main.o ABSOLUTE
    ../clib/angel/sys.s                      0x00000000   Number         0  sys_stackheap_outer.o ABSOLUTE
    ../clib/angel/sys.s                      0x00000000   Number         0  libspace.o ABSOLUTE
    ../clib/angel/sys.s                      0x00000000   Number         0  use_no_semi.o ABSOLUTE
    ../clib/angel/sys.s                      0x00000000   Number         0  use_no_semi_2.o ABSOLUTE
    ../clib/angel/sys.s                      0x00000000   Number         0  indicate_semi.o ABSOLUTE
    ../clib/angel/sysapp.c                   0x00000000   Number         0  sys_command.o ABSOLUTE
    ../clib/angel/sysapp.c                   0x00000000   Number         0  sys_wrch.o ABSOLUTE
    ../clib/armsys.c                         0x00000000   Number         0  _get_argv_nomalloc.o ABSOLUTE
    ../clib/armsys.c                         0x00000000   Number         0  no_argv.o ABSOLUTE
    ../clib/armsys.c                         0x00000000   Number         0  argv_veneer.o ABSOLUTE
    ../clib/armsys.c                         0x00000000   Number         0  argv_veneer.o ABSOLUTE
    ../clib/heapalloc.c                      0x00000000   Number         0  hrguard.o ABSOLUTE
    ../clib/heapaux.c                        0x00000000   Number         0  heapauxi.o ABSOLUTE
    ../clib/libinit.s                        0x00000000   Number         0  libinit.o ABSOLUTE
    ../clib/libinit.s                        0x00000000   Number         0  libshutdown2.o ABSOLUTE
    ../clib/libinit.s                        0x00000000   Number         0  libinit2.o ABSOLUTE
    ../clib/libinit.s                        0x00000000   Number         0  libshutdown.o ABSOLUTE
    ../clib/memcpset.s                       0x00000000   Number         0  rt_memcpy_w.o ABSOLUTE
    ../clib/signal.c                         0x00000000   Number         0  defsig_fpe_inner.o ABSOLUTE
    ../clib/signal.c                         0x00000000   Number         0  defsig_other.o ABSOLUTE
    ../clib/signal.c                         0x00000000   Number         0  defsig_segv_inner.o ABSOLUTE
    ../clib/signal.c                         0x00000000   Number         0  defsig_cppl_inner.o ABSOLUTE
    ../clib/signal.c                         0x00000000   Number         0  defsig_pvfn_inner.o ABSOLUTE
    ../clib/signal.c                         0x00000000   Number         0  defsig_stak_inner.o ABSOLUTE
    ../clib/signal.c                         0x00000000   Number         0  defsig_exit.o ABSOLUTE
    ../clib/signal.c                         0x00000000   Number         0  defsig_rtred_inner.o ABSOLUTE
    ../clib/signal.c                         0x00000000   Number         0  __raise.o ABSOLUTE
    ../clib/signal.c                         0x00000000   Number         0  defsig_abrt_inner.o ABSOLUTE
    ../clib/signal.c                         0x00000000   Number         0  defsig_rtmem_inner.o ABSOLUTE
    ../clib/signal.c                         0x00000000   Number         0  defsig_rtmem_formal.o ABSOLUTE
    ../clib/signal.c                         0x00000000   Number         0  defsig_rtmem_outer.o ABSOLUTE
    ../clib/signal.c                         0x00000000   Number         0  defsig_general.o ABSOLUTE
    ../clib/signal.s                         0x00000000   Number         0  defsig.o ABSOLUTE
    ../clib/stdlib.c                         0x00000000   Number         0  exit.o ABSOLUTE
    ../fplib/ddiv.s                          0x00000000   Number         0  ddiv.o ABSOLUTE
    ../fplib/dfixu.s                         0x00000000   Number         0  dfixu.o ABSOLUTE
    ../fplib/dflt.s                          0x00000000   Number         0  dflt_clz.o ABSOLUTE
    ../fplib/dmul.s                          0x00000000   Number         0  dmul.o ABSOLUTE
    ../fplib/dnaninf.s                       0x00000000   Number         0  dnaninf.o ABSOLUTE
    ../fplib/dretinf.s                       0x00000000   Number         0  dretinf.o ABSOLUTE
    ../fplib/fpinit.s                        0x00000000   Number         0  fpinit.o ABSOLUTE
    ../fplib/usenofp.s                       0x00000000   Number         0  usenofp.o ABSOLUTE
    ..\..\hardware\adc.c                     0x00000000   Number         0  adc.o ABSOLUTE
    ..\..\hardware\key.c                     0x00000000   Number         0  key.o ABSOLUTE
    ..\..\hardware\key4x4.c                  0x00000000   Number         0  key4x4.o ABSOLUTE
    ..\..\hardware\led.c                     0x00000000   Number         0  led.o ABSOLUTE
    ..\..\hardware\oled.c                    0x00000000   Number         0  oled.o ABSOLUTE
    ..\..\hardware\tim32.c                   0x00000000   Number         0  tim32.o ABSOLUTE
    ..\..\hardware\timA.c                    0x00000000   Number         0  tima.o ABSOLUTE
    ..\..\main.c                             0x00000000   Number         0  main.o ABSOLUTE
    ..\..\sys\baudrate_calculate.c           0x00000000   Number         0  baudrate_calculate.o ABSOLUTE
    ..\..\sys\delay.c                        0x00000000   Number         0  delay.o ABSOLUTE
    ..\..\sys\sysinit.c                      0x00000000   Number         0  sysinit.o ABSOLUTE
    ..\..\sys\usart.c                        0x00000000   Number         0  usart.o ABSOLUTE
    ..\..\system_msp432p401r.c               0x00000000   Number         0  system_msp432p401r.o ABSOLUTE
    ..\..\usercode\pid.c                     0x00000000   Number         0  pid.o ABSOLUTE
    ..\..\usercode\spwm.c                    0x00000000   Number         0  spwm.o ABSOLUTE
    ..\\..\\hardware\\adc.c                  0x00000000   Number         0  adc.o ABSOLUTE
    ..\\..\\hardware\\key.c                  0x00000000   Number         0  key.o ABSOLUTE
    ..\\..\\hardware\\key4x4.c               0x00000000   Number         0  key4x4.o ABSOLUTE
    ..\\..\\hardware\\led.c                  0x00000000   Number         0  led.o ABSOLUTE
    ..\\..\\hardware\\oled.c                 0x00000000   Number         0  oled.o ABSOLUTE
    ..\\..\\hardware\\tim32.c                0x00000000   Number         0  tim32.o ABSOLUTE
    ..\\..\\hardware\\timA.c                 0x00000000   Number         0  tima.o ABSOLUTE
    ..\\..\\main.c                           0x00000000   Number         0  main.o ABSOLUTE
    ..\\..\\sys\\baudrate_calculate.c        0x00000000   Number         0  baudrate_calculate.o ABSOLUTE
    ..\\..\\sys\\delay.c                     0x00000000   Number         0  delay.o ABSOLUTE
    ..\\..\\sys\\sysinit.c                   0x00000000   Number         0  sysinit.o ABSOLUTE
    ..\\..\\sys\\usart.c                     0x00000000   Number         0  usart.o ABSOLUTE
    ..\\..\\system_msp432p401r.c             0x00000000   Number         0  system_msp432p401r.o ABSOLUTE
    dc.s                                     0x00000000   Number         0  dc.o ABSOLUTE
    source/ti/devices/msp432p4xx/driverlib/adc14.c 0x00000000   Number         0  adc14.o ABSOLUTE
    source/ti/devices/msp432p4xx/driverlib/adc14.c 0x00000000   Number         0  adc14.o ABSOLUTE
    source/ti/devices/msp432p4xx/driverlib/cpu.c 0x00000000   Number         0  cpu.o ABSOLUTE
    source/ti/devices/msp432p4xx/driverlib/cpu.c 0x00000000   Number         0  cpu.o ABSOLUTE
    source/ti/devices/msp432p4xx/driverlib/cs.c 0x00000000   Number         0  cs.o ABSOLUTE
    source/ti/devices/msp432p4xx/driverlib/cs.c 0x00000000   Number         0  cs.o ABSOLUTE
    source/ti/devices/msp432p4xx/driverlib/i2c.c 0x00000000   Number         0  i2c.o ABSOLUTE
    source/ti/devices/msp432p4xx/driverlib/i2c.c 0x00000000   Number         0  i2c.o ABSOLUTE
    source/ti/devices/msp432p4xx/driverlib/interrupt.c 0x00000000   Number         0  interrupt.o ABSOLUTE
    source/ti/devices/msp432p4xx/driverlib/interrupt.c 0x00000000   Number         0  interrupt.o ABSOLUTE
    source/ti/devices/msp432p4xx/driverlib/sysctl_a.c 0x00000000   Number         0  sysctl_a.o ABSOLUTE
    source/ti/devices/msp432p4xx/driverlib/sysctl_a.c 0x00000000   Number         0  sysctl_a.o ABSOLUTE
    source/ti/devices/msp432p4xx/driverlib/timer_a.c 0x00000000   Number         0  timer_a.o ABSOLUTE
    source/ti/devices/msp432p4xx/driverlib/timer_a.c 0x00000000   Number         0  timer_a.o ABSOLUTE
    source/ti/devices/msp432p4xx/driverlib/uart.c 0x00000000   Number         0  uart.o ABSOLUTE
    source/ti/devices/msp432p4xx/driverlib/uart.c 0x00000000   Number         0  uart.o ABSOLUTE
    startup_msp432p401r_uvision.s            0x00000000   Number         0  startup_msp432p401r_uvision.o ABSOLUTE
    !!!main                                  0x00000144   Section        8  __main.o(!!!main)
    !!!scatter                               0x0000014c   Section       52  __scatter.o(!!!scatter)
    !!handler_copy                           0x00000180   Section       26  __scatter_copy.o(!!handler_copy)
    !!handler_zi                             0x0000019c   Section       28  __scatter_zi.o(!!handler_zi)
    .ARM.Collect$$libinit$$00000000          0x000001b8   Section        2  libinit.o(.ARM.Collect$$libinit$$00000000)
    .ARM.Collect$$libinit$$00000001          0x000001ba   Section        4  libinit2.o(.ARM.Collect$$libinit$$00000001)
    .ARM.Collect$$libinit$$00000004          0x000001be   Section        0  libinit2.o(.ARM.Collect$$libinit$$00000004)
    .ARM.Collect$$libinit$$0000000A          0x000001be   Section        0  libinit2.o(.ARM.Collect$$libinit$$0000000A)
    .ARM.Collect$$libinit$$0000000C          0x000001be   Section        0  libinit2.o(.ARM.Collect$$libinit$$0000000C)
    .ARM.Collect$$libinit$$0000000E          0x000001be   Section        0  libinit2.o(.ARM.Collect$$libinit$$0000000E)
    .ARM.Collect$$libinit$$00000011          0x000001be   Section        0  libinit2.o(.ARM.Collect$$libinit$$00000011)
    .ARM.Collect$$libinit$$00000013          0x000001be   Section        0  libinit2.o(.ARM.Collect$$libinit$$00000013)
    .ARM.Collect$$libinit$$00000015          0x000001be   Section        0  libinit2.o(.ARM.Collect$$libinit$$00000015)
    .ARM.Collect$$libinit$$00000017          0x000001be   Section        0  libinit2.o(.ARM.Collect$$libinit$$00000017)
    .ARM.Collect$$libinit$$00000019          0x000001be   Section        0  libinit2.o(.ARM.Collect$$libinit$$00000019)
    .ARM.Collect$$libinit$$0000001B          0x000001be   Section        0  libinit2.o(.ARM.Collect$$libinit$$0000001B)
    .ARM.Collect$$libinit$$0000001D          0x000001be   Section        0  libinit2.o(.ARM.Collect$$libinit$$0000001D)
    .ARM.Collect$$libinit$$0000001F          0x000001be   Section        0  libinit2.o(.ARM.Collect$$libinit$$0000001F)
    .ARM.Collect$$libinit$$00000021          0x000001be   Section        0  libinit2.o(.ARM.Collect$$libinit$$00000021)
    .ARM.Collect$$libinit$$00000023          0x000001be   Section        0  libinit2.o(.ARM.Collect$$libinit$$00000023)
    .ARM.Collect$$libinit$$00000025          0x000001be   Section        0  libinit2.o(.ARM.Collect$$libinit$$00000025)
    .ARM.Collect$$libinit$$0000002C          0x000001be   Section        0  libinit2.o(.ARM.Collect$$libinit$$0000002C)
    .ARM.Collect$$libinit$$0000002E          0x000001be   Section        0  libinit2.o(.ARM.Collect$$libinit$$0000002E)
    .ARM.Collect$$libinit$$00000030          0x000001be   Section        0  libinit2.o(.ARM.Collect$$libinit$$00000030)
    .ARM.Collect$$libinit$$00000032          0x000001be   Section        0  libinit2.o(.ARM.Collect$$libinit$$00000032)
    .ARM.Collect$$libinit$$00000033          0x000001be   Section        2  libinit2.o(.ARM.Collect$$libinit$$00000033)
    .ARM.Collect$$libshutdown$$00000000      0x000001c0   Section        2  libshutdown.o(.ARM.Collect$$libshutdown$$00000000)
    .ARM.Collect$$libshutdown$$00000002      0x000001c2   Section        0  libshutdown2.o(.ARM.Collect$$libshutdown$$00000002)
    .ARM.Collect$$libshutdown$$00000004      0x000001c2   Section        0  libshutdown2.o(.ARM.Collect$$libshutdown$$00000004)
    .ARM.Collect$$libshutdown$$00000006      0x000001c2   Section        0  libshutdown2.o(.ARM.Collect$$libshutdown$$00000006)
    .ARM.Collect$$libshutdown$$00000009      0x000001c2   Section        0  libshutdown2.o(.ARM.Collect$$libshutdown$$00000009)
    .ARM.Collect$$libshutdown$$0000000C      0x000001c2   Section        0  libshutdown2.o(.ARM.Collect$$libshutdown$$0000000C)
    .ARM.Collect$$libshutdown$$0000000E      0x000001c2   Section        0  libshutdown2.o(.ARM.Collect$$libshutdown$$0000000E)
    .ARM.Collect$$libshutdown$$00000011      0x000001c2   Section        0  libshutdown2.o(.ARM.Collect$$libshutdown$$00000011)
    .ARM.Collect$$libshutdown$$00000012      0x000001c2   Section        2  libshutdown2.o(.ARM.Collect$$libshutdown$$00000012)
    .ARM.Collect$$rtentry$$00000000          0x000001c4   Section        0  __rtentry.o(.ARM.Collect$$rtentry$$00000000)
    .ARM.Collect$$rtentry$$00000002          0x000001c4   Section        0  __rtentry2.o(.ARM.Collect$$rtentry$$00000002)
    .ARM.Collect$$rtentry$$00000004          0x000001c4   Section        6  __rtentry4.o(.ARM.Collect$$rtentry$$00000004)
    .ARM.Collect$$rtentry$$00000009          0x000001ca   Section        0  __rtentry2.o(.ARM.Collect$$rtentry$$00000009)
    .ARM.Collect$$rtentry$$0000000A          0x000001ca   Section        4  __rtentry2.o(.ARM.Collect$$rtentry$$0000000A)
    .ARM.Collect$$rtentry$$0000000C          0x000001ce   Section        0  __rtentry2.o(.ARM.Collect$$rtentry$$0000000C)
    .ARM.Collect$$rtentry$$0000000D          0x000001ce   Section        8  __rtentry2.o(.ARM.Collect$$rtentry$$0000000D)
    .ARM.Collect$$rtexit$$00000000           0x000001d6   Section        2  rtexit.o(.ARM.Collect$$rtexit$$00000000)
    .ARM.Collect$$rtexit$$00000002           0x000001d8   Section        0  rtexit2.o(.ARM.Collect$$rtexit$$00000002)
    .ARM.Collect$$rtexit$$00000003           0x000001d8   Section        4  rtexit2.o(.ARM.Collect$$rtexit$$00000003)
    .ARM.Collect$$rtexit$$00000004           0x000001dc   Section        6  rtexit2.o(.ARM.Collect$$rtexit$$00000004)
    .text                                    0x000001e4   Section       60  startup_msp432p401r_uvision.o(.text)
    $v0                                      0x000001e4   Number         0  startup_msp432p401r_uvision.o(.text)
    .text                                    0x00000220   Section        2  use_no_semi_2.o(.text)
    .text                                    0x00000222   Section      100  rt_memcpy_w.o(.text)
    .text                                    0x00000286   Section        0  heapauxi.o(.text)
    .text                                    0x0000028c   Section        2  use_no_semi.o(.text)
    .text                                    0x0000028e   Section       74  sys_stackheap_outer.o(.text)
    .text                                    0x000002d8   Section        0  exit.o(.text)
    .text                                    0x000002ec   Section        8  libspace.o(.text)
    i.ADC14_IRQHandler                       0x000002f4   Section        0  adc.o(i.ADC14_IRQHandler)
    i.ADC14_configureConversionMemory        0x00000320   Section        0  adc14.o(i.ADC14_configureConversionMemory)
    i.ADC14_configureMultiSequenceMode       0x00000384   Section        0  adc14.o(i.ADC14_configureMultiSequenceMode)
    i.ADC14_getMultiSequenceResult           0x00000400   Section        0  adc14.o(i.ADC14_getMultiSequenceResult)
    i.ADCIsConversionRunning                 0x0000042c   Section        0  adc14.o(i.ADCIsConversionRunning)
    ADCIsConversionRunning                   0x0000042d   Thumb Code    14  adc14.o(i.ADCIsConversionRunning)
    i.ADC_Config                             0x00000440   Section        0  adc.o(i.ADC_Config)
    i.CS_clearInterruptFlag                  0x000004d8   Section        0  cs.o(i.CS_clearInterruptFlag)
    i.CS_getACLK                             0x000004fc   Section        0  cs.o(i.CS_getACLK)
    i.CS_getDCOFrequency                     0x00000514   Section        0  cs.o(i.CS_getDCOFrequency)
    i.CS_getMCLK                             0x00000620   Section        0  cs.o(i.CS_getMCLK)
    i.CS_getSMCLK                            0x00000638   Section        0  cs.o(i.CS_getSMCLK)
    i.CS_setExternalClockSourceFrequency     0x00000650   Section        0  cs.o(i.CS_setExternalClockSourceFrequency)
    i.CS_startHFXT                           0x0000065c   Section        0  cs.o(i.CS_startHFXT)
    i.CS_startHFXTWithTimeout                0x00000664   Section        0  cs.o(i.CS_startHFXTWithTimeout)
    i.CS_startLFXT                           0x00000704   Section        0  cs.o(i.CS_startLFXT)
    i.CS_startLFXTWithTimeout                0x0000070c   Section        0  cs.o(i.CS_startLFXTWithTimeout)
    i.I2C_Configuration                      0x000007ac   Section        0  oled.o(i.I2C_Configuration)
    i.I2C_masterSendMultiByteFinish          0x00000804   Section        0  i2c.o(i.I2C_masterSendMultiByteFinish)
    i.I2C_masterSendMultiByteStart           0x00000838   Section        0  i2c.o(i.I2C_masterSendMultiByteStart)
    i.KEY4x4_Init                            0x0000086c   Section        0  key4x4.o(i.KEY4x4_Init)
    i.KEY4x4_Scan                            0x00000898   Section        0  key4x4.o(i.KEY4x4_Scan)
    i.KEY_Init                               0x00000948   Section        0  key.o(i.KEY_Init)
    i.LED_Init                               0x000009a8   Section        0  led.o(i.LED_Init)
    i.LED_RED_Tog                            0x000009e0   Section        0  led.o(i.LED_RED_Tog)
    i.OLED_Clear                             0x000009f4   Section        0  oled.o(i.OLED_Clear)
    i.OLED_Init                              0x00000a30   Section        0  oled.o(i.OLED_Init)
    i.OLED_Set_Pos                           0x00000b1e   Section        0  oled.o(i.OLED_Set_Pos)
    i.OLED_ShowChar                          0x00000b48   Section        0  oled.o(i.OLED_ShowChar)
    i.OLED_ShowNum                           0x00000bd0   Section        0  oled.o(i.OLED_ShowNum)
    i.OLED_ShowString                        0x00000c4a   Section        0  oled.o(i.OLED_ShowString)
    i.OLED_WR_Byte                           0x00000c84   Section        0  oled.o(i.OLED_WR_Byte)
    i.PORT1_IRQHandler                       0x00000ca4   Section        0  key.o(i.PORT1_IRQHandler)
    i.SysCtl_A_disableNMISource              0x00000cdc   Section        0  sysctl_a.o(i.SysCtl_A_disableNMISource)
    i.SysCtl_A_enableNMISource               0x00000cec   Section        0  sysctl_a.o(i.SysCtl_A_enableNMISource)
    i.SysCtl_A_getNMISourceStatus            0x00000cfc   Section        0  sysctl_a.o(i.SysCtl_A_getNMISourceStatus)
    i.SysCtl_A_getTLVInfo                    0x00000d0c   Section        0  sysctl_a.o(i.SysCtl_A_getTLVInfo)
    i.SysInit                                0x00000d54   Section        0  sysinit.o(i.SysInit)
    i.SystemInit                             0x00000de0   Section        0  system_msp432p401r.o(i.SystemInit)
    i.T32_INT1_IRQHandler                    0x00000e40   Section        0  tim32.o(i.T32_INT1_IRQHandler)
    i.T32_INT2_IRQHandler                    0x00000e54   Section        0  tim32.o(i.T32_INT2_IRQHandler)
    i.TA0_0_IRQHandler                       0x00000e68   Section        0  main.o(i.TA0_0_IRQHandler)
    i.TA2_N_IRQHandler                       0x00001030   Section        0  tima.o(i.TA2_N_IRQHandler)
    i.TimA0_Int_Init                         0x000010e0   Section        0  tima.o(i.TimA0_Int_Init)
    i.TimA1_PWM_Init                         0x00001134   Section        0  tima.o(i.TimA1_PWM_Init)
    i.Timer_A_clearCaptureCompareInterrupt   0x000011e4   Section        0  timer_a.o(i.Timer_A_clearCaptureCompareInterrupt)
    i.Timer_A_getCaptureCompareCount         0x000011fe   Section        0  timer_a.o(i.Timer_A_getCaptureCompareCount)
    i.Timer_A_setCompareValue                0x0000120e   Section        0  timer_a.o(i.Timer_A_setCompareValue)
    i.UART_initModule                        0x0000121e   Section        0  uart.o(i.UART_initModule)
    i._CSComputeCLKFrequency                 0x000012b0   Section        0  cs.o(i._CSComputeCLKFrequency)
    _CSComputeCLKFrequency                   0x000012b1   Thumb Code   176  cs.o(i._CSComputeCLKFrequency)
    i._CSGetHFXTFrequency                    0x00001370   Section        0  cs.o(i._CSGetHFXTFrequency)
    _CSGetHFXTFrequency                      0x00001371   Thumb Code   106  cs.o(i._CSGetHFXTFrequency)
    i._getIndexForMemRegister                0x00001408   Section        0  adc14.o(i._getIndexForMemRegister)
    _getIndexForMemRegister                  0x00001409   Thumb Code   342  adc14.o(i._getIndexForMemRegister)
    i._sys_exit                              0x0000155e   Section        0  usart.o(i._sys_exit)
    i.bitPosition                            0x00001560   Section        0  baudrate_calculate.o(i.bitPosition)
    i.delay_init                             0x00001570   Section        0  delay.o(i.delay_init)
    i.delay_ms                               0x00001598   Section        0  delay.o(i.delay_ms)
    i.delay_us                               0x000015b0   Section        0  delay.o(i.delay_us)
    i.eusci_calcBaudDividers                 0x000015e4   Section        0  baudrate_calculate.o(i.eusci_calcBaudDividers)
    i.key_delay                              0x00001710   Section        0  key.o(i.key_delay)
    key_delay                                0x00001711   Thumb Code    42  key.o(i.key_delay)
    i.main                                   0x0000173c   Section        0  main.o(i.main)
    i.oled_pow                               0x00001798   Section        0  oled.o(i.oled_pow)
    i.uart_init                              0x000017a8   Section        0  usart.o(i.uart_init)
    x$fpl$ddiv                               0x000017f4   Section      688  ddiv.o(x$fpl$ddiv)
    $v0                                      0x000017f4   Number         0  ddiv.o(x$fpl$ddiv)
    ddiv_entry                               0x000017fb   Thumb Code     0  ddiv.o(x$fpl$ddiv)
    x$fpl$dfixu                              0x00001aa4   Section       90  dfixu.o(x$fpl$dfixu)
    $v0                                      0x00001aa4   Number         0  dfixu.o(x$fpl$dfixu)
    x$fpl$dfltu                              0x00001afe   Section       38  dflt_clz.o(x$fpl$dfltu)
    $v0                                      0x00001afe   Number         0  dflt_clz.o(x$fpl$dfltu)
    x$fpl$dmul                               0x00001b24   Section      340  dmul.o(x$fpl$dmul)
    $v0                                      0x00001b24   Number         0  dmul.o(x$fpl$dmul)
    x$fpl$dnaninf                            0x00001c78   Section      156  dnaninf.o(x$fpl$dnaninf)
    $v0                                      0x00001c78   Number         0  dnaninf.o(x$fpl$dnaninf)
    x$fpl$dretinf                            0x00001d14   Section       12  dretinf.o(x$fpl$dretinf)
    $v0                                      0x00001d14   Number         0  dretinf.o(x$fpl$dretinf)
    x$fpl$fpinit                             0x00001d20   Section       10  fpinit.o(x$fpl$fpinit)
    $v0                                      0x00001d20   Number         0  fpinit.o(x$fpl$fpinit)
    x$fpl$usenofp                            0x00001d2a   Section        0  usenofp.o(x$fpl$usenofp)
    .constdata                               0x00001d2c   Section     2336  oled.o(.constdata)
    .constdata                               0x0000264c   Section       40  usart.o(.constdata)
    .constdata                               0x00002674   Section      400  spwm.o(.constdata)
    .constdata                               0x00002804   Section      128  adc14.o(.constdata)
    _ctlRegs                                 0x00002804   Data         128  adc14.o(.constdata)
    .conststring                             0x00002884   Section       41  main.o(.conststring)
    .data                                    0x20000000   Section       48  main.o(.data)
    .data                                    0x20000030   Section        4  adc.o(.data)
    .data                                    0x20000034   Section        1  key4x4.o(.data)
    key_up                                   0x20000034   Data           1  key4x4.o(.data)
    .data                                    0x20000036   Section        4  tima.o(.data)
    .data                                    0x2000003a   Section        1  delay.o(.data)
    fac_us                                   0x2000003a   Data           1  delay.o(.data)
    .data                                    0x2000003c   Section        8  cs.o(.data)
    hfxtFreq                                 0x2000003c   Data           4  cs.o(.data)
    lfxtFreq                                 0x20000040   Data           4  cs.o(.data)
    .bss                                     0x20000044   Section       96  libspace.o(.bss)
    HEAP                                     0x200000a8   Section        0  startup_msp432p401r_uvision.o(HEAP)
    STACK                                    0x200000a8   Section      512  startup_msp432p401r_uvision.o(STACK)
    Heap_Mem                                 0x200000a8   Data           0  startup_msp432p401r_uvision.o(HEAP)
    Stack_Mem                                0x200000a8   Data         512  startup_msp432p401r_uvision.o(STACK)
    __initial_sp                             0x200002a8   Data           0  startup_msp432p401r_uvision.o(STACK)

    Global Symbols

    Symbol Name                              Value     Ov Type        Size  Object(Section)

    BuildAttributes$$THM_ISAv4$E$P$D$K$B$S$7EM$VFPi3$EXTD16$VFPS$VFMA$PE$A:L22UL41UL21$X:L11$S22US41US21$IEEE1$IW$USESV6$~STKCKD$USESV7$~SHL$OSPACE$ROPI$EBA8$UX$STANDARDLIB$REQ8$PRES8$EABIv2 0x00000000   Number         0  anon$$obj.o ABSOLUTE
    __ARM_use_no_argv                        0x00000000   Number         0  main.o ABSOLUTE
    __Vectors                                0x00000000   Data           4  startup_msp432p401r_uvision.o(RESET)
    __ARM_exceptions_init                     - Undefined Weak Reference
    __alloca_initialize                       - Undefined Weak Reference
    __arm_fini_                               - Undefined Weak Reference
    __arm_preinit_                            - Undefined Weak Reference
    __cpp_initialize__aeabi_                  - Undefined Weak Reference
    __cxa_finalize                            - Undefined Weak Reference
    __rt_locale                               - Undefined Weak Reference
    __sigvec_lookup                           - Undefined Weak Reference
    _atexit_init                              - Undefined Weak Reference
    _call_atexit_fns                          - Undefined Weak Reference
    _clock_init                               - Undefined Weak Reference
    _fp_trap_init                             - Undefined Weak Reference
    _fp_trap_shutdown                         - Undefined Weak Reference
    _get_lc_collate                           - Undefined Weak Reference
    _get_lc_ctype                             - Undefined Weak Reference
    _get_lc_monetary                          - Undefined Weak Reference
    _get_lc_numeric                           - Undefined Weak Reference
    _get_lc_time                              - Undefined Weak Reference
    _getenv_init                              - Undefined Weak Reference
    _handle_redirection                       - Undefined Weak Reference
    _init_alloc                               - Undefined Weak Reference
    _init_user_alloc                          - Undefined Weak Reference
    _initio                                   - Undefined Weak Reference
    _rand_init                                - Undefined Weak Reference
    _signal_finish                            - Undefined Weak Reference
    _signal_init                              - Undefined Weak Reference
    _terminate_alloc                          - Undefined Weak Reference
    _terminate_user_alloc                     - Undefined Weak Reference
    _terminateio                              - Undefined Weak Reference
    __Vectors_End                            0x00000144   Data           0  startup_msp432p401r_uvision.o(RESET)
    __Vectors_Size                           0x00000144   Number         0  startup_msp432p401r_uvision.o ABSOLUTE
    __main                                   0x00000145   Thumb Code     8  __main.o(!!!main)
    __scatterload                            0x0000014d   Thumb Code     0  __scatter.o(!!!scatter)
    __scatterload_rt2                        0x0000014d   Thumb Code    44  __scatter.o(!!!scatter)
    __scatterload_rt2_thumb_only             0x0000014d   Thumb Code     0  __scatter.o(!!!scatter)
    __scatterload_null                       0x0000015b   Thumb Code     0  __scatter.o(!!!scatter)
    __scatterload_copy                       0x00000181   Thumb Code    26  __scatter_copy.o(!!handler_copy)
    __scatterload_zeroinit                   0x0000019d   Thumb Code    28  __scatter_zi.o(!!handler_zi)
    __rt_lib_init                            0x000001b9   Thumb Code     0  libinit.o(.ARM.Collect$$libinit$$00000000)
    __rt_lib_init_fp_1                       0x000001bb   Thumb Code     0  libinit2.o(.ARM.Collect$$libinit$$00000001)
    __rt_lib_init_alloca_1                   0x000001bf   Thumb Code     0  libinit2.o(.ARM.Collect$$libinit$$0000002E)
    __rt_lib_init_argv_1                     0x000001bf   Thumb Code     0  libinit2.o(.ARM.Collect$$libinit$$0000002C)
    __rt_lib_init_atexit_1                   0x000001bf   Thumb Code     0  libinit2.o(.ARM.Collect$$libinit$$0000001B)
    __rt_lib_init_clock_1                    0x000001bf   Thumb Code     0  libinit2.o(.ARM.Collect$$libinit$$00000021)
    __rt_lib_init_cpp_1                      0x000001bf   Thumb Code     0  libinit2.o(.ARM.Collect$$libinit$$00000032)
    __rt_lib_init_exceptions_1               0x000001bf   Thumb Code     0  libinit2.o(.ARM.Collect$$libinit$$00000030)
    __rt_lib_init_fp_trap_1                  0x000001bf   Thumb Code     0  libinit2.o(.ARM.Collect$$libinit$$0000001F)
    __rt_lib_init_getenv_1                   0x000001bf   Thumb Code     0  libinit2.o(.ARM.Collect$$libinit$$00000023)
    __rt_lib_init_heap_1                     0x000001bf   Thumb Code     0  libinit2.o(.ARM.Collect$$libinit$$0000000A)
    __rt_lib_init_lc_collate_1               0x000001bf   Thumb Code     0  libinit2.o(.ARM.Collect$$libinit$$00000011)
    __rt_lib_init_lc_ctype_1                 0x000001bf   Thumb Code     0  libinit2.o(.ARM.Collect$$libinit$$00000013)
    __rt_lib_init_lc_monetary_1              0x000001bf   Thumb Code     0  libinit2.o(.ARM.Collect$$libinit$$00000015)
    __rt_lib_init_lc_numeric_1               0x000001bf   Thumb Code     0  libinit2.o(.ARM.Collect$$libinit$$00000017)
    __rt_lib_init_lc_time_1                  0x000001bf   Thumb Code     0  libinit2.o(.ARM.Collect$$libinit$$00000019)
    __rt_lib_init_preinit_1                  0x000001bf   Thumb Code     0  libinit2.o(.ARM.Collect$$libinit$$00000004)
    __rt_lib_init_rand_1                     0x000001bf   Thumb Code     0  libinit2.o(.ARM.Collect$$libinit$$0000000E)
    __rt_lib_init_return                     0x000001bf   Thumb Code     0  libinit2.o(.ARM.Collect$$libinit$$00000033)
    __rt_lib_init_signal_1                   0x000001bf   Thumb Code     0  libinit2.o(.ARM.Collect$$libinit$$0000001D)
    __rt_lib_init_stdio_1                    0x000001bf   Thumb Code     0  libinit2.o(.ARM.Collect$$libinit$$00000025)
    __rt_lib_init_user_alloc_1               0x000001bf   Thumb Code     0  libinit2.o(.ARM.Collect$$libinit$$0000000C)
    __rt_lib_shutdown                        0x000001c1   Thumb Code     0  libshutdown.o(.ARM.Collect$$libshutdown$$00000000)
    __rt_lib_shutdown_cpp_1                  0x000001c3   Thumb Code     0  libshutdown2.o(.ARM.Collect$$libshutdown$$00000004)
    __rt_lib_shutdown_fini_1                 0x000001c3   Thumb Code     0  libshutdown2.o(.ARM.Collect$$libshutdown$$00000002)
    __rt_lib_shutdown_fp_trap_1              0x000001c3   Thumb Code     0  libshutdown2.o(.ARM.Collect$$libshutdown$$00000009)
    __rt_lib_shutdown_heap_1                 0x000001c3   Thumb Code     0  libshutdown2.o(.ARM.Collect$$libshutdown$$00000011)
    __rt_lib_shutdown_return                 0x000001c3   Thumb Code     0  libshutdown2.o(.ARM.Collect$$libshutdown$$00000012)
    __rt_lib_shutdown_signal_1               0x000001c3   Thumb Code     0  libshutdown2.o(.ARM.Collect$$libshutdown$$0000000C)
    __rt_lib_shutdown_stdio_1                0x000001c3   Thumb Code     0  libshutdown2.o(.ARM.Collect$$libshutdown$$00000006)
    __rt_lib_shutdown_user_alloc_1           0x000001c3   Thumb Code     0  libshutdown2.o(.ARM.Collect$$libshutdown$$0000000E)
    __rt_entry                               0x000001c5   Thumb Code     0  __rtentry.o(.ARM.Collect$$rtentry$$00000000)
    __rt_entry_presh_1                       0x000001c5   Thumb Code     0  __rtentry2.o(.ARM.Collect$$rtentry$$00000002)
    __rt_entry_sh                            0x000001c5   Thumb Code     0  __rtentry4.o(.ARM.Collect$$rtentry$$00000004)
    __rt_entry_li                            0x000001cb   Thumb Code     0  __rtentry2.o(.ARM.Collect$$rtentry$$0000000A)
    __rt_entry_postsh_1                      0x000001cb   Thumb Code     0  __rtentry2.o(.ARM.Collect$$rtentry$$00000009)
    __rt_entry_main                          0x000001cf   Thumb Code     0  __rtentry2.o(.ARM.Collect$$rtentry$$0000000D)
    __rt_entry_postli_1                      0x000001cf   Thumb Code     0  __rtentry2.o(.ARM.Collect$$rtentry$$0000000C)
    __rt_exit                                0x000001d7   Thumb Code     0  rtexit.o(.ARM.Collect$$rtexit$$00000000)
    __rt_exit_ls                             0x000001d9   Thumb Code     0  rtexit2.o(.ARM.Collect$$rtexit$$00000003)
    __rt_exit_prels_1                        0x000001d9   Thumb Code     0  rtexit2.o(.ARM.Collect$$rtexit$$00000002)
    __rt_exit_exit                           0x000001dd   Thumb Code     0  rtexit2.o(.ARM.Collect$$rtexit$$00000004)
    Reset_Handler                            0x000001e5   Thumb Code     8  startup_msp432p401r_uvision.o(.text)
    NMI_Handler                              0x000001ed   Thumb Code     2  startup_msp432p401r_uvision.o(.text)
    HardFault_Handler                        0x000001ef   Thumb Code     2  startup_msp432p401r_uvision.o(.text)
    MemManage_Handler                        0x000001f1   Thumb Code     2  startup_msp432p401r_uvision.o(.text)
    BusFault_Handler                         0x000001f3   Thumb Code     2  startup_msp432p401r_uvision.o(.text)
    UsageFault_Handler                       0x000001f5   Thumb Code     2  startup_msp432p401r_uvision.o(.text)
    SVC_Handler                              0x000001f7   Thumb Code     2  startup_msp432p401r_uvision.o(.text)
    DebugMon_Handler                         0x000001f9   Thumb Code     2  startup_msp432p401r_uvision.o(.text)
    PendSV_Handler                           0x000001fb   Thumb Code     2  startup_msp432p401r_uvision.o(.text)
    SysTick_Handler                          0x000001fd   Thumb Code     2  startup_msp432p401r_uvision.o(.text)
    AES256_IRQHandler                        0x000001ff   Thumb Code     0  startup_msp432p401r_uvision.o(.text)
    COMP_E0_IRQHandler                       0x000001ff   Thumb Code     0  startup_msp432p401r_uvision.o(.text)
    COMP_E1_IRQHandler                       0x000001ff   Thumb Code     0  startup_msp432p401r_uvision.o(.text)
    CS_IRQHandler                            0x000001ff   Thumb Code     0  startup_msp432p401r_uvision.o(.text)
    DMA_ERR_IRQHandler                       0x000001ff   Thumb Code     0  startup_msp432p401r_uvision.o(.text)
    DMA_INT0_IRQHandler                      0x000001ff   Thumb Code     0  startup_msp432p401r_uvision.o(.text)
    DMA_INT1_IRQHandler                      0x000001ff   Thumb Code     0  startup_msp432p401r_uvision.o(.text)
    DMA_INT2_IRQHandler                      0x000001ff   Thumb Code     0  startup_msp432p401r_uvision.o(.text)
    DMA_INT3_IRQHandler                      0x000001ff   Thumb Code     0  startup_msp432p401r_uvision.o(.text)
    EUSCIA0_IRQHandler                       0x000001ff   Thumb Code     0  startup_msp432p401r_uvision.o(.text)
    EUSCIA1_IRQHandler                       0x000001ff   Thumb Code     0  startup_msp432p401r_uvision.o(.text)
    EUSCIA2_IRQHandler                       0x000001ff   Thumb Code     0  startup_msp432p401r_uvision.o(.text)
    EUSCIA3_IRQHandler                       0x000001ff   Thumb Code     0  startup_msp432p401r_uvision.o(.text)
    EUSCIB0_IRQHandler                       0x000001ff   Thumb Code     0  startup_msp432p401r_uvision.o(.text)
    EUSCIB1_IRQHandler                       0x000001ff   Thumb Code     0  startup_msp432p401r_uvision.o(.text)
    EUSCIB2_IRQHandler                       0x000001ff   Thumb Code     0  startup_msp432p401r_uvision.o(.text)
    EUSCIB3_IRQHandler                       0x000001ff   Thumb Code     0  startup_msp432p401r_uvision.o(.text)
    FLCTL_IRQHandler                         0x000001ff   Thumb Code     0  startup_msp432p401r_uvision.o(.text)
    FPU_IRQHandler                           0x000001ff   Thumb Code     0  startup_msp432p401r_uvision.o(.text)
    PCM_IRQHandler                           0x000001ff   Thumb Code     0  startup_msp432p401r_uvision.o(.text)
    PORT2_IRQHandler                         0x000001ff   Thumb Code     0  startup_msp432p401r_uvision.o(.text)
    PORT3_IRQHandler                         0x000001ff   Thumb Code     0  startup_msp432p401r_uvision.o(.text)
    PORT4_IRQHandler                         0x000001ff   Thumb Code     0  startup_msp432p401r_uvision.o(.text)
    PORT5_IRQHandler                         0x000001ff   Thumb Code     0  startup_msp432p401r_uvision.o(.text)
    PORT6_IRQHandler                         0x000001ff   Thumb Code     0  startup_msp432p401r_uvision.o(.text)
    PSS_IRQHandler                           0x000001ff   Thumb Code     0  startup_msp432p401r_uvision.o(.text)
    RTC_C_IRQHandler                         0x000001ff   Thumb Code     0  startup_msp432p401r_uvision.o(.text)
    T32_INTC_IRQHandler                      0x000001ff   Thumb Code     0  startup_msp432p401r_uvision.o(.text)
    TA0_N_IRQHandler                         0x000001ff   Thumb Code     0  startup_msp432p401r_uvision.o(.text)
    TA1_0_IRQHandler                         0x000001ff   Thumb Code     0  startup_msp432p401r_uvision.o(.text)
    TA1_N_IRQHandler                         0x000001ff   Thumb Code     0  startup_msp432p401r_uvision.o(.text)
    TA2_0_IRQHandler                         0x000001ff   Thumb Code     0  startup_msp432p401r_uvision.o(.text)
    TA3_0_IRQHandler                         0x000001ff   Thumb Code     0  startup_msp432p401r_uvision.o(.text)
    TA3_N_IRQHandler                         0x000001ff   Thumb Code     0  startup_msp432p401r_uvision.o(.text)
    WDT_A_IRQHandler                         0x000001ff   Thumb Code     0  startup_msp432p401r_uvision.o(.text)
    __user_initial_stackheap                 0x00000201   Thumb Code    10  startup_msp432p401r_uvision.o(.text)
    __use_no_semihosting                     0x00000221   Thumb Code     2  use_no_semi_2.o(.text)
    __aeabi_memcpy4                          0x00000223   Thumb Code     0  rt_memcpy_w.o(.text)
    __aeabi_memcpy8                          0x00000223   Thumb Code     0  rt_memcpy_w.o(.text)
    __rt_memcpy_w                            0x00000223   Thumb Code   100  rt_memcpy_w.o(.text)
    _memcpy_lastbytes_aligned                0x0000026b   Thumb Code     0  rt_memcpy_w.o(.text)
    __use_two_region_memory                  0x00000287   Thumb Code     2  heapauxi.o(.text)
    __rt_heap_escrow$2region                 0x00000289   Thumb Code     2  heapauxi.o(.text)
    __rt_heap_expand$2region                 0x0000028b   Thumb Code     2  heapauxi.o(.text)
    __I$use$semihosting                      0x0000028d   Thumb Code     0  use_no_semi.o(.text)
    __use_no_semihosting_swi                 0x0000028d   Thumb Code     2  use_no_semi.o(.text)
    __user_setup_stackheap                   0x0000028f   Thumb Code    74  sys_stackheap_outer.o(.text)
    exit                                     0x000002d9   Thumb Code    18  exit.o(.text)
    __user_libspace                          0x000002ed   Thumb Code     8  libspace.o(.text)
    __user_perproc_libspace                  0x000002ed   Thumb Code     0  libspace.o(.text)
    __user_perthread_libspace                0x000002ed   Thumb Code     0  libspace.o(.text)
    ADC14_IRQHandler                         0x000002f5   Thumb Code    36  adc.o(i.ADC14_IRQHandler)
    ADC14_configureConversionMemory          0x00000321   Thumb Code    96  adc14.o(i.ADC14_configureConversionMemory)
    ADC14_configureMultiSequenceMode         0x00000385   Thumb Code   116  adc14.o(i.ADC14_configureMultiSequenceMode)
    ADC14_getMultiSequenceResult             0x00000401   Thumb Code    38  adc14.o(i.ADC14_getMultiSequenceResult)
    ADC_Config                               0x00000441   Thumb Code   146  adc.o(i.ADC_Config)
    CS_clearInterruptFlag                    0x000004d9   Thumb Code    26  cs.o(i.CS_clearInterruptFlag)
    CS_getACLK                               0x000004fd   Thumb Code    20  cs.o(i.CS_getACLK)
    CS_getDCOFrequency                       0x00000515   Thumb Code   234  cs.o(i.CS_getDCOFrequency)
    CS_getMCLK                               0x00000621   Thumb Code    20  cs.o(i.CS_getMCLK)
    CS_getSMCLK                              0x00000639   Thumb Code    18  cs.o(i.CS_getSMCLK)
    CS_setExternalClockSourceFrequency       0x00000651   Thumb Code     8  cs.o(i.CS_setExternalClockSourceFrequency)
    CS_startHFXT                             0x0000065d   Thumb Code     6  cs.o(i.CS_startHFXT)
    CS_startHFXTWithTimeout                  0x00000665   Thumb Code   144  cs.o(i.CS_startHFXTWithTimeout)
    CS_startLFXT                             0x00000705   Thumb Code     6  cs.o(i.CS_startLFXT)
    CS_startLFXTWithTimeout                  0x0000070d   Thumb Code   144  cs.o(i.CS_startLFXTWithTimeout)
    I2C_Configuration                        0x000007ad   Thumb Code    76  oled.o(i.I2C_Configuration)
    I2C_masterSendMultiByteFinish            0x00000805   Thumb Code    52  i2c.o(i.I2C_masterSendMultiByteFinish)
    I2C_masterSendMultiByteStart             0x00000839   Thumb Code    52  i2c.o(i.I2C_masterSendMultiByteStart)
    KEY4x4_Init                              0x0000086d   Thumb Code    40  key4x4.o(i.KEY4x4_Init)
    KEY4x4_Scan                              0x00000899   Thumb Code   168  key4x4.o(i.KEY4x4_Scan)
    KEY_Init                                 0x00000949   Thumb Code    90  key.o(i.KEY_Init)
    LED_Init                                 0x000009a9   Thumb Code    46  led.o(i.LED_Init)
    LED_RED_Tog                              0x000009e1   Thumb Code    14  led.o(i.LED_RED_Tog)
    OLED_Clear                               0x000009f5   Thumb Code    60  oled.o(i.OLED_Clear)
    OLED_Init                                0x00000a31   Thumb Code   238  oled.o(i.OLED_Init)
    OLED_Set_Pos                             0x00000b1f   Thumb Code    40  oled.o(i.OLED_Set_Pos)
    OLED_ShowChar                            0x00000b49   Thumb Code   128  oled.o(i.OLED_ShowChar)
    OLED_ShowNum                             0x00000bd1   Thumb Code   122  oled.o(i.OLED_ShowNum)
    OLED_ShowString                          0x00000c4b   Thumb Code    56  oled.o(i.OLED_ShowString)
    OLED_WR_Byte                             0x00000c85   Thumb Code    28  oled.o(i.OLED_WR_Byte)
    PORT1_IRQHandler                         0x00000ca5   Thumb Code    46  key.o(i.PORT1_IRQHandler)
    SysCtl_A_disableNMISource                0x00000cdd   Thumb Code    10  sysctl_a.o(i.SysCtl_A_disableNMISource)
    SysCtl_A_enableNMISource                 0x00000ced   Thumb Code    10  sysctl_a.o(i.SysCtl_A_enableNMISource)
    SysCtl_A_getNMISourceStatus              0x00000cfd   Thumb Code    10  sysctl_a.o(i.SysCtl_A_getNMISourceStatus)
    SysCtl_A_getTLVInfo                      0x00000d0d   Thumb Code    64  sysctl_a.o(i.SysCtl_A_getTLVInfo)
    SysInit                                  0x00000d55   Thumb Code   126  sysinit.o(i.SysInit)
    SystemInit                               0x00000de1   Thumb Code    76  system_msp432p401r.o(i.SystemInit)
    T32_INT1_IRQHandler                      0x00000e41   Thumb Code    10  tim32.o(i.T32_INT1_IRQHandler)
    T32_INT2_IRQHandler                      0x00000e55   Thumb Code    10  tim32.o(i.T32_INT2_IRQHandler)
    TA0_0_IRQHandler                         0x00000e69   Thumb Code   420  main.o(i.TA0_0_IRQHandler)
    TA2_N_IRQHandler                         0x00001031   Thumb Code   160  tima.o(i.TA2_N_IRQHandler)
    TimA0_Int_Init                           0x000010e1   Thumb Code    78  tima.o(i.TimA0_Int_Init)
    TimA1_PWM_Init                           0x00001135   Thumb Code   166  tima.o(i.TimA1_PWM_Init)
    Timer_A_clearCaptureCompareInterrupt     0x000011e5   Thumb Code    26  timer_a.o(i.Timer_A_clearCaptureCompareInterrupt)
    Timer_A_getCaptureCompareCount           0x000011ff   Thumb Code    16  timer_a.o(i.Timer_A_getCaptureCompareCount)
    Timer_A_setCompareValue                  0x0000120f   Thumb Code    16  timer_a.o(i.Timer_A_setCompareValue)
    UART_initModule                          0x0000121f   Thumb Code   146  uart.o(i.UART_initModule)
    _sys_exit                                0x0000155f   Thumb Code     2  usart.o(i._sys_exit)
    bitPosition                              0x00001561   Thumb Code    16  baudrate_calculate.o(i.bitPosition)
    delay_init                               0x00001571   Thumb Code    30  delay.o(i.delay_init)
    delay_ms                                 0x00001599   Thumb Code    24  delay.o(i.delay_ms)
    delay_us                                 0x000015b1   Thumb Code    46  delay.o(i.delay_us)
    eusci_calcBaudDividers                   0x000015e5   Thumb Code   282  baudrate_calculate.o(i.eusci_calcBaudDividers)
    main                                     0x0000173d   Thumb Code    84  main.o(i.main)
    oled_pow                                 0x00001799   Thumb Code    16  oled.o(i.oled_pow)
    uart_init                                0x000017a9   Thumb Code    64  usart.o(i.uart_init)
    __aeabi_ddiv                             0x000017f5   Thumb Code     0  ddiv.o(x$fpl$ddiv)
    _ddiv                                    0x000017f5   Thumb Code   552  ddiv.o(x$fpl$ddiv)
    __aeabi_d2uiz                            0x00001aa5   Thumb Code     0  dfixu.o(x$fpl$dfixu)
    _dfixu                                   0x00001aa5   Thumb Code    90  dfixu.o(x$fpl$dfixu)
    __aeabi_ui2d                             0x00001aff   Thumb Code     0  dflt_clz.o(x$fpl$dfltu)
    _dfltu                                   0x00001aff   Thumb Code    38  dflt_clz.o(x$fpl$dfltu)
    __aeabi_dmul                             0x00001b25   Thumb Code     0  dmul.o(x$fpl$dmul)
    _dmul                                    0x00001b25   Thumb Code   332  dmul.o(x$fpl$dmul)
    __fpl_dnaninf                            0x00001c79   Thumb Code   156  dnaninf.o(x$fpl$dnaninf)
    __fpl_dretinf                            0x00001d15   Thumb Code    12  dretinf.o(x$fpl$dretinf)
    _fp_init                                 0x00001d21   Thumb Code    10  fpinit.o(x$fpl$fpinit)
    __fplib_config_fpu_vfp                   0x00001d29   Thumb Code     0  fpinit.o(x$fpl$fpinit)
    __fplib_config_pureend_doubles           0x00001d29   Thumb Code     0  fpinit.o(x$fpl$fpinit)
    __I$use$fp                               0x00001d2a   Number         0  usenofp.o(x$fpl$usenofp)
    asc2_0806                                0x00001d2c   Data         570  oled.o(.constdata)
    asc2_1608                                0x00001f66   Data        1520  oled.o(.constdata)
    Hzk                                      0x00002556   Data         224  oled.o(.constdata)
    semi_sine_tabel                          0x00002674   Data         400  spwm.o(.constdata)
    Region$$Table$$Base                      0x000028b0   Number         0  anon$$obj.o(Region$$Table)
    Region$$Table$$Limit                     0x000028d0   Number         0  anon$$obj.o(Region$$Table)
    Counter_sine1                            0x20000000   Data           2  main.o(.data)
    Counter_sine2                            0x20000002   Data           2  main.o(.data)
    Counter_sine3                            0x20000004   Data           2  main.o(.data)
    flag                                     0x20000008   Data           4  main.o(.data)
    key_id                                   0x2000000c   Data           4  main.o(.data)
    title                                    0x20000010   Data           4  main.o(.data)
    number_1                                 0x20000014   Data           4  main.o(.data)
    number_2                                 0x20000018   Data           4  main.o(.data)
    number_3                                 0x2000001c   Data           4  main.o(.data)
    mv                                       0x20000020   Data           4  main.o(.data)
    duty1                                    0x20000024   Data           4  main.o(.data)
    duty2                                    0x20000028   Data           4  main.o(.data)
    duty3                                    0x2000002c   Data           4  main.o(.data)
    resultsBuffer                            0x20000030   Data           4  adc.o(.data)
    TIMA2_CAP_STA                            0x20000036   Data           1  tima.o(.data)
    TIMA2_CAP_VAL                            0x20000038   Data           2  tima.o(.data)
    __libspace_start                         0x20000044   Data          96  libspace.o(.bss)
    __temporary_stack_top$libspace           0x200000a4   Data           0  libspace.o(.bss)



==============================================================================

Memory Map of the image

  Image Entry point : 0x00000145

  Load Region LR_IROM1 (Base: 0x00000000, Size: 0x00002914, Max: 0x00040000, ABSOLUTE)

    Execution Region ER_IROM1 (Exec base: 0x00000000, Load base: 0x00000000, Size: 0x000028d0, Max: 0x00040000, ABSOLUTE)

    Exec Addr    Load Addr    Size         Type   Attr      Idx    E Section Name        Object

    0x00000000   0x00000000   0x00000144   Data   RO           73    RESET               startup_msp432p401r_uvision.o
    0x00000144   0x00000144   0x00000008   Code   RO         2301  * !!!main             c_w.l(__main.o)
    0x0000014c   0x0000014c   0x00000034   Code   RO         2479    !!!scatter          c_w.l(__scatter.o)
    0x00000180   0x00000180   0x0000001a   Code   RO         2481    !!handler_copy      c_w.l(__scatter_copy.o)
    0x0000019a   0x0000019a   0x00000002   PAD
    0x0000019c   0x0000019c   0x0000001c   Code   RO         2483    !!handler_zi        c_w.l(__scatter_zi.o)
    0x000001b8   0x000001b8   0x00000002   Code   RO         2351    .ARM.Collect$$libinit$$00000000  c_w.l(libinit.o)
    0x000001ba   0x000001ba   0x00000004   Code   RO         2357    .ARM.Collect$$libinit$$00000001  c_w.l(libinit2.o)
    0x000001be   0x000001be   0x00000000   Code   RO         2360    .ARM.Collect$$libinit$$00000004  c_w.l(libinit2.o)
    0x000001be   0x000001be   0x00000000   Code   RO         2363    .ARM.Collect$$libinit$$0000000A  c_w.l(libinit2.o)
    0x000001be   0x000001be   0x00000000   Code   RO         2365    .ARM.Collect$$libinit$$0000000C  c_w.l(libinit2.o)
    0x000001be   0x000001be   0x00000000   Code   RO         2367    .ARM.Collect$$libinit$$0000000E  c_w.l(libinit2.o)
    0x000001be   0x000001be   0x00000000   Code   RO         2370    .ARM.Collect$$libinit$$00000011  c_w.l(libinit2.o)
    0x000001be   0x000001be   0x00000000   Code   RO         2372    .ARM.Collect$$libinit$$00000013  c_w.l(libinit2.o)
    0x000001be   0x000001be   0x00000000   Code   RO         2374    .ARM.Collect$$libinit$$00000015  c_w.l(libinit2.o)
    0x000001be   0x000001be   0x00000000   Code   RO         2376    .ARM.Collect$$libinit$$00000017  c_w.l(libinit2.o)
    0x000001be   0x000001be   0x00000000   Code   RO         2378    .ARM.Collect$$libinit$$00000019  c_w.l(libinit2.o)
    0x000001be   0x000001be   0x00000000   Code   RO         2380    .ARM.Collect$$libinit$$0000001B  c_w.l(libinit2.o)
    0x000001be   0x000001be   0x00000000   Code   RO         2382    .ARM.Collect$$libinit$$0000001D  c_w.l(libinit2.o)
    0x000001be   0x000001be   0x00000000   Code   RO         2384    .ARM.Collect$$libinit$$0000001F  c_w.l(libinit2.o)
    0x000001be   0x000001be   0x00000000   Code   RO         2386    .ARM.Collect$$libinit$$00000021  c_w.l(libinit2.o)
    0x000001be   0x000001be   0x00000000   Code   RO         2388    .ARM.Collect$$libinit$$00000023  c_w.l(libinit2.o)
    0x000001be   0x000001be   0x00000000   Code   RO         2390    .ARM.Collect$$libinit$$00000025  c_w.l(libinit2.o)
    0x000001be   0x000001be   0x00000000   Code   RO         2394    .ARM.Collect$$libinit$$0000002C  c_w.l(libinit2.o)
    0x000001be   0x000001be   0x00000000   Code   RO         2396    .ARM.Collect$$libinit$$0000002E  c_w.l(libinit2.o)
    0x000001be   0x000001be   0x00000000   Code   RO         2398    .ARM.Collect$$libinit$$00000030  c_w.l(libinit2.o)
    0x000001be   0x000001be   0x00000000   Code   RO         2400    .ARM.Collect$$libinit$$00000032  c_w.l(libinit2.o)
    0x000001be   0x000001be   0x00000002   Code   RO         2401    .ARM.Collect$$libinit$$00000033  c_w.l(libinit2.o)
    0x000001c0   0x000001c0   0x00000002   Code   RO         2419    .ARM.Collect$$libshutdown$$00000000  c_w.l(libshutdown.o)
    0x000001c2   0x000001c2   0x00000000   Code   RO         2429    .ARM.Collect$$libshutdown$$00000002  c_w.l(libshutdown2.o)
    0x000001c2   0x000001c2   0x00000000   Code   RO         2431    .ARM.Collect$$libshutdown$$00000004  c_w.l(libshutdown2.o)
    0x000001c2   0x000001c2   0x00000000   Code   RO         2433    .ARM.Collect$$libshutdown$$00000006  c_w.l(libshutdown2.o)
    0x000001c2   0x000001c2   0x00000000   Code   RO         2436    .ARM.Collect$$libshutdown$$00000009  c_w.l(libshutdown2.o)
    0x000001c2   0x000001c2   0x00000000   Code   RO         2439    .ARM.Collect$$libshutdown$$0000000C  c_w.l(libshutdown2.o)
    0x000001c2   0x000001c2   0x00000000   Code   RO         2441    .ARM.Collect$$libshutdown$$0000000E  c_w.l(libshutdown2.o)
    0x000001c2   0x000001c2   0x00000000   Code   RO         2444    .ARM.Collect$$libshutdown$$00000011  c_w.l(libshutdown2.o)
    0x000001c2   0x000001c2   0x00000002   Code   RO         2445    .ARM.Collect$$libshutdown$$00000012  c_w.l(libshutdown2.o)
    0x000001c4   0x000001c4   0x00000000   Code   RO         2321    .ARM.Collect$$rtentry$$00000000  c_w.l(__rtentry.o)
    0x000001c4   0x000001c4   0x00000000   Code   RO         2328    .ARM.Collect$$rtentry$$00000002  c_w.l(__rtentry2.o)
    0x000001c4   0x000001c4   0x00000006   Code   RO         2340    .ARM.Collect$$rtentry$$00000004  c_w.l(__rtentry4.o)
    0x000001ca   0x000001ca   0x00000000   Code   RO         2330    .ARM.Collect$$rtentry$$00000009  c_w.l(__rtentry2.o)
    0x000001ca   0x000001ca   0x00000004   Code   RO         2331    .ARM.Collect$$rtentry$$0000000A  c_w.l(__rtentry2.o)
    0x000001ce   0x000001ce   0x00000000   Code   RO         2333    .ARM.Collect$$rtentry$$0000000C  c_w.l(__rtentry2.o)
    0x000001ce   0x000001ce   0x00000008   Code   RO         2334    .ARM.Collect$$rtentry$$0000000D  c_w.l(__rtentry2.o)
    0x000001d6   0x000001d6   0x00000002   Code   RO         2355    .ARM.Collect$$rtexit$$00000000  c_w.l(rtexit.o)
    0x000001d8   0x000001d8   0x00000000   Code   RO         2403    .ARM.Collect$$rtexit$$00000002  c_w.l(rtexit2.o)
    0x000001d8   0x000001d8   0x00000004   Code   RO         2404    .ARM.Collect$$rtexit$$00000003  c_w.l(rtexit2.o)
    0x000001dc   0x000001dc   0x00000006   Code   RO         2405    .ARM.Collect$$rtexit$$00000004  c_w.l(rtexit2.o)
    0x000001e2   0x000001e2   0x00000002   PAD
    0x000001e4   0x000001e4   0x0000003c   Code   RO           74    .text               startup_msp432p401r_uvision.o
    0x00000220   0x00000220   0x00000002   Code   RO         2295    .text               c_w.l(use_no_semi_2.o)
    0x00000222   0x00000222   0x00000064   Code   RO         2297    .text               c_w.l(rt_memcpy_w.o)
    0x00000286   0x00000286   0x00000006   Code   RO         2299    .text               c_w.l(heapauxi.o)
    0x0000028c   0x0000028c   0x00000002   Code   RO         2319    .text               c_w.l(use_no_semi.o)
    0x0000028e   0x0000028e   0x0000004a   Code   RO         2342    .text               c_w.l(sys_stackheap_outer.o)
    0x000002d8   0x000002d8   0x00000012   Code   RO         2344    .text               c_w.l(exit.o)
    0x000002ea   0x000002ea   0x00000002   PAD
    0x000002ec   0x000002ec   0x00000008   Code   RO         2352    .text               c_w.l(libspace.o)
    0x000002f4   0x000002f4   0x0000002c   Code   RO          268    i.ADC14_IRQHandler  adc.o
    0x00000320   0x00000320   0x00000064   Code   RO          892    i.ADC14_configureConversionMemory  msp432p4xx_driverlib.lib(adc14.o)
    0x00000384   0x00000384   0x0000007c   Code   RO          893    i.ADC14_configureMultiSequenceMode  msp432p4xx_driverlib.lib(adc14.o)
    0x00000400   0x00000400   0x0000002c   Code   RO          909    i.ADC14_getMultiSequenceResult  msp432p4xx_driverlib.lib(adc14.o)
    0x0000042c   0x0000042c   0x00000014   Code   RO          924    i.ADCIsConversionRunning  msp432p4xx_driverlib.lib(adc14.o)
    0x00000440   0x00000440   0x00000098   Code   RO          269    i.ADC_Config        adc.o
    0x000004d8   0x000004d8   0x00000024   Code   RO         1163    i.CS_clearInterruptFlag  msp432p4xx_driverlib.lib(cs.o)
    0x000004fc   0x000004fc   0x00000018   Code   RO         1172    i.CS_getACLK        msp432p4xx_driverlib.lib(cs.o)
    0x00000514   0x00000514   0x0000010c   Code   RO         1174    i.CS_getDCOFrequency  msp432p4xx_driverlib.lib(cs.o)
    0x00000620   0x00000620   0x00000018   Code   RO         1178    i.CS_getMCLK        msp432p4xx_driverlib.lib(cs.o)
    0x00000638   0x00000638   0x00000018   Code   RO         1179    i.CS_getSMCLK       msp432p4xx_driverlib.lib(cs.o)
    0x00000650   0x00000650   0x0000000c   Code   RO         1186    i.CS_setExternalClockSourceFrequency  msp432p4xx_driverlib.lib(cs.o)
    0x0000065c   0x0000065c   0x00000006   Code   RO         1189    i.CS_startHFXT      msp432p4xx_driverlib.lib(cs.o)
    0x00000662   0x00000662   0x00000002   PAD
    0x00000664   0x00000664   0x000000a0   Code   RO         1190    i.CS_startHFXTWithTimeout  msp432p4xx_driverlib.lib(cs.o)
    0x00000704   0x00000704   0x00000006   Code   RO         1191    i.CS_startLFXT      msp432p4xx_driverlib.lib(cs.o)
    0x0000070a   0x0000070a   0x00000002   PAD
    0x0000070c   0x0000070c   0x000000a0   Code   RO         1192    i.CS_startLFXTWithTimeout  msp432p4xx_driverlib.lib(cs.o)
    0x000007ac   0x000007ac   0x00000058   Code   RO          500    i.I2C_Configuration  oled.o
    0x00000804   0x00000804   0x00000034   Code   RO         1413    i.I2C_masterSendMultiByteFinish  msp432p4xx_driverlib.lib(i2c.o)
    0x00000838   0x00000838   0x00000034   Code   RO         1417    i.I2C_masterSendMultiByteStart  msp432p4xx_driverlib.lib(i2c.o)
    0x0000086c   0x0000086c   0x0000002c   Code   RO          346    i.KEY4x4_Init       key4x4.o
    0x00000898   0x00000898   0x000000b0   Code   RO          347    i.KEY4x4_Scan       key4x4.o
    0x00000948   0x00000948   0x00000060   Code   RO          304    i.KEY_Init          key.o
    0x000009a8   0x000009a8   0x00000038   Code   RO          384    i.LED_Init          led.o
    0x000009e0   0x000009e0   0x00000014   Code   RO          388    i.LED_RED_Tog       led.o
    0x000009f4   0x000009f4   0x0000003c   Code   RO          501    i.OLED_Clear        oled.o
    0x00000a30   0x00000a30   0x000000ee   Code   RO          507    i.OLED_Init         oled.o
    0x00000b1e   0x00000b1e   0x00000028   Code   RO          508    i.OLED_Set_Pos      oled.o
    0x00000b46   0x00000b46   0x00000002   PAD
    0x00000b48   0x00000b48   0x00000088   Code   RO          509    i.OLED_ShowChar     oled.o
    0x00000bd0   0x00000bd0   0x0000007a   Code   RO          512    i.OLED_ShowNum      oled.o
    0x00000c4a   0x00000c4a   0x00000038   Code   RO          513    i.OLED_ShowString   oled.o
    0x00000c82   0x00000c82   0x00000002   PAD
    0x00000c84   0x00000c84   0x00000020   Code   RO          514    i.OLED_WR_Byte      oled.o
    0x00000ca4   0x00000ca4   0x00000038   Code   RO          306    i.PORT1_IRQHandler  key.o
    0x00000cdc   0x00000cdc   0x00000010   Code   RO         2143    i.SysCtl_A_disableNMISource  msp432p4xx_driverlib.lib(sysctl_a.o)
    0x00000cec   0x00000cec   0x00000010   Code   RO         2148    i.SysCtl_A_enableNMISource  msp432p4xx_driverlib.lib(sysctl_a.o)
    0x00000cfc   0x00000cfc   0x00000010   Code   RO         2154    i.SysCtl_A_getNMISourceStatus  msp432p4xx_driverlib.lib(sysctl_a.o)
    0x00000d0c   0x00000d0c   0x00000048   Code   RO         2156    i.SysCtl_A_getTLVInfo  msp432p4xx_driverlib.lib(sysctl_a.o)
    0x00000d54   0x00000d54   0x0000008c   Code   RO          762    i.SysInit           sysinit.o
    0x00000de0   0x00000de0   0x00000060   Code   RO            5    i.SystemInit        system_msp432p401r.o
    0x00000e40   0x00000e40   0x00000014   Code   RO          618    i.T32_INT1_IRQHandler  tim32.o
    0x00000e54   0x00000e54   0x00000014   Code   RO          619    i.T32_INT2_IRQHandler  tim32.o
    0x00000e68   0x00000e68   0x000001c8   Code   RO           81    i.TA0_0_IRQHandler  main.o
    0x00001030   0x00001030   0x000000b0   Code   RO          661    i.TA2_N_IRQHandler  tima.o
    0x000010e0   0x000010e0   0x00000054   Code   RO          662    i.TimA0_Int_Init    tima.o
    0x00001134   0x00001134   0x000000b0   Code   RO          663    i.TimA1_PWM_Init    tima.o
    0x000011e4   0x000011e4   0x0000001a   Code   RO         1671    i.Timer_A_clearCaptureCompareInterrupt  msp432p4xx_driverlib.lib(timer_a.o)
    0x000011fe   0x000011fe   0x00000010   Code   RO         1682    i.Timer_A_getCaptureCompareCount  msp432p4xx_driverlib.lib(timer_a.o)
    0x0000120e   0x0000120e   0x00000010   Code   RO         1693    i.Timer_A_setCompareValue  msp432p4xx_driverlib.lib(timer_a.o)
    0x0000121e   0x0000121e   0x00000092   Code   RO         1867    i.UART_initModule   msp432p4xx_driverlib.lib(uart.o)
    0x000012b0   0x000012b0   0x000000c0   Code   RO         1195    i._CSComputeCLKFrequency  msp432p4xx_driverlib.lib(cs.o)
    0x00001370   0x00001370   0x00000098   Code   RO         1196    i._CSGetHFXTFrequency  msp432p4xx_driverlib.lib(cs.o)
    0x00001408   0x00001408   0x00000156   Code   RO          925    i._getIndexForMemRegister  msp432p4xx_driverlib.lib(adc14.o)
    0x0000155e   0x0000155e   0x00000002   Code   RO          715    i._sys_exit         usart.o
    0x00001560   0x00001560   0x00000010   Code   RO          824    i.bitPosition       baudrate_calculate.o
    0x00001570   0x00001570   0x00000028   Code   RO          786    i.delay_init        delay.o
    0x00001598   0x00001598   0x00000018   Code   RO          787    i.delay_ms          delay.o
    0x000015b0   0x000015b0   0x00000034   Code   RO          788    i.delay_us          delay.o
    0x000015e4   0x000015e4   0x0000012c   Code   RO          825    i.eusci_calcBaudDividers  baudrate_calculate.o
    0x00001710   0x00001710   0x0000002a   Code   RO          307    i.key_delay         key.o
    0x0000173a   0x0000173a   0x00000002   PAD
    0x0000173c   0x0000173c   0x0000005c   Code   RO           82    i.main              main.o
    0x00001798   0x00001798   0x00000010   Code   RO          515    i.oled_pow          oled.o
    0x000017a8   0x000017a8   0x0000004c   Code   RO          717    i.uart_init         usart.o
    0x000017f4   0x000017f4   0x000002b0   Code   RO         2304    x$fpl$ddiv          fz_wm.l(ddiv.o)
    0x00001aa4   0x00001aa4   0x0000005a   Code   RO         2307    x$fpl$dfixu         fz_wm.l(dfixu.o)
    0x00001afe   0x00001afe   0x00000026   Code   RO         2311    x$fpl$dfltu         fz_wm.l(dflt_clz.o)
    0x00001b24   0x00001b24   0x00000154   Code   RO         2317    x$fpl$dmul          fz_wm.l(dmul.o)
    0x00001c78   0x00001c78   0x0000009c   Code   RO         2322    x$fpl$dnaninf       fz_wm.l(dnaninf.o)
    0x00001d14   0x00001d14   0x0000000c   Code   RO         2324    x$fpl$dretinf       fz_wm.l(dretinf.o)
    0x00001d20   0x00001d20   0x0000000a   Code   RO         2411    x$fpl$fpinit        fz_wm.l(fpinit.o)
    0x00001d2a   0x00001d2a   0x00000000   Code   RO         2326    x$fpl$usenofp       fz_wm.l(usenofp.o)
    0x00001d2a   0x00001d2a   0x00000002   PAD
    0x00001d2c   0x00001d2c   0x00000920   Data   RO          516    .constdata          oled.o
    0x0000264c   0x0000264c   0x00000028   Data   RO          718    .constdata          usart.o
    0x00002674   0x00002674   0x00000190   Data   RO          875    .constdata          spwm.o
    0x00002804   0x00002804   0x00000080   Data   RO          926    .constdata          msp432p4xx_driverlib.lib(adc14.o)
    0x00002884   0x00002884   0x00000029   Data   RO           84    .conststring        main.o
    0x000028ad   0x000028ad   0x00000003   PAD
    0x000028b0   0x000028b0   0x00000020   Data   RO         2477    Region$$Table       anon$$obj.o


    Execution Region RW_IRAM1 (Exec base: 0x20000000, Load base: 0x000028d0, Size: 0x000002a8, Max: 0x00010000, ABSOLUTE)

    Exec Addr    Load Addr    Size         Type   Attr      Idx    E Section Name        Object

    0x20000000   0x000028d0   0x00000030   Data   RW           85    .data               main.o
    0x20000030   0x00002900   0x00000004   Data   RW          270    .data               adc.o
    0x20000034   0x00002904   0x00000001   Data   RW          348    .data               key4x4.o
    0x20000035   0x00002905   0x00000001   PAD
    0x20000036   0x00002906   0x00000004   Data   RW          666    .data               tima.o
    0x2000003a   0x0000290a   0x00000001   Data   RW          789    .data               delay.o
    0x2000003b   0x0000290b   0x00000001   PAD
    0x2000003c   0x0000290c   0x00000008   Data   RW         1197    .data               msp432p4xx_driverlib.lib(cs.o)
    0x20000044        -       0x00000060   Zero   RW         2353    .bss                c_w.l(libspace.o)
    0x200000a4   0x00002914   0x00000004   PAD
    0x200000a8        -       0x00000000   Zero   RW           72    HEAP                startup_msp432p401r_uvision.o
    0x200000a8        -       0x00000200   Zero   RW           71    STACK               startup_msp432p401r_uvision.o


==============================================================================

Image component sizes


      Code (inc. data)   RO Data    RW Data    ZI Data      Debug   Object Name

       196         14          0          4          0       1644   adc.o
       316         18          0          0          0       2187   baudrate_calculate.o
       116         16          0          1          0       1707   delay.o
       194         16          0          0          0       1954   key.o
       220         12          0          1          0       1632   key4x4.o
        76         16          0          0          0       1626   led.o
       548         44         41         48          0      16416   main.o
       788         24       2336          0          0       6977   oled.o
         0          0        400          0          0        585   spwm.o
        60         22        324          0        512        880   startup_msp432p401r_uvision.o
       140         14          0          0          0        518   sysinit.o
        96         20          0          0          0       5037   system_msp432p401r.o
        40         20          0          0          0        932   tim32.o
       436         32          0          4          0       2267   tima.o
        78         12         40          0          0       1376   usart.o

    ----------------------------------------------------------------------
      3310        280       3176         60        512      45738   Object Totals
         0          0         32          0          0          0   (incl. Generated)
         6          0          3          2          0          0   (incl. Padding)

    ----------------------------------------------------------------------

      Code (inc. data)   RO Data    RW Data    ZI Data      Debug   Library Member Name

         8          0          0          0          0         68   __main.o
         0          0          0          0          0          0   __rtentry.o
        12          0          0          0          0          0   __rtentry2.o
         6          0          0          0          0          0   __rtentry4.o
        52          8          0          0          0          0   __scatter.o
        26          0          0          0          0          0   __scatter_copy.o
        28          0          0          0          0          0   __scatter_zi.o
        18          0          0          0          0         80   exit.o
         6          0          0          0          0        152   heapauxi.o
         2          0          0          0          0          0   libinit.o
         6          0          0          0          0          0   libinit2.o
         2          0          0          0          0          0   libshutdown.o
         2          0          0          0          0          0   libshutdown2.o
         8          4          0          0         96         68   libspace.o
       100          0          0          0          0         80   rt_memcpy_w.o
         2          0          0          0          0          0   rtexit.o
        10          0          0          0          0          0   rtexit2.o
        74          0          0          0          0         80   sys_stackheap_outer.o
         2          0          0          0          0         68   use_no_semi.o
         2          0          0          0          0         68   use_no_semi_2.o
       688        140          0          0          0        256   ddiv.o
        90          4          0          0          0        140   dfixu.o
        38          0          0          0          0        116   dflt_clz.o
       340         12          0          0          0        152   dmul.o
       156          4          0          0          0        140   dnaninf.o
        12          0          0          0          0        116   dretinf.o
        10          0          0          0          0        116   fpinit.o
         0          0          0          0          0          0   usenofp.o
       630         24        128          0          0       8835   adc14.o
      1064        170          0          8          0      13545   cs.o
       104          0          0          0          0       1527   i2c.o
       120         26          0          0          0       3378   sysctl_a.o
        58          0          0          0          0       2162   timer_a.o
       146          0          0          0          0       5196   uart.o

    ----------------------------------------------------------------------
      3834        392        128          8        100      36343   Library Totals
        12          0          0          0          4          0   (incl. Padding)

    ----------------------------------------------------------------------

      Code (inc. data)   RO Data    RW Data    ZI Data      Debug   Library Name

       366         12          0          0         96        664   c_w.l
      1334        160          0          0          0       1036   fz_wm.l
      2122        220        128          8          0      34643   msp432p4xx_driverlib.lib

    ----------------------------------------------------------------------
      3834        392        128          8        100      36343   Library Totals

    ----------------------------------------------------------------------

==============================================================================


      Code (inc. data)   RO Data    RW Data    ZI Data      Debug   

      7144        672       3304         68        612      75773   Grand Totals
      7144        672       3304         68        612      75773   ELF Image Totals
      7144        672       3304         68          0          0   ROM Totals

==============================================================================

    Total RO  Size (Code + RO Data)                10448 (  10.20kB)
    Total RW  Size (RW Data + ZI Data)               680 (   0.66kB)
    Total ROM Size (Code + RO Data + RW Data)      10516 (  10.27kB)

==============================================================================

